Component: ARM Compiler 6.14 Tool: armlink [5db06800]

==============================================================================

Section Cross References

    startup_stm32f103xe.o(RESET) refers to startup_stm32f103xe.o(STACK) for __initial_sp
    startup_stm32f103xe.o(RESET) refers to startup_stm32f103xe.o(.text) for Reset_Handler
    startup_stm32f103xe.o(RESET) refers to stm32f1xx_hal_timebase_tim_template.o(.text.TIM2_IRQHandler) for TIM2_IRQHandler
    startup_stm32f103xe.o(RESET) refers to stm32f1xx_hal_timebase_rtc_alarm_template.o(.text.RTC_Alarm_IRQHandler) for RTC_Alarm_IRQHandler
    startup_stm32f103xe.o(.text) refers to system_stm32f1xx.o(.text.SystemInit) for SystemInit
    startup_stm32f103xe.o(.text) refers to entry.o(.ARM.Collect$$$$00000000) for __main
    system_stm32f1xx.o(.ARM.exidx.text.SystemInit) refers to system_stm32f1xx.o(.text.SystemInit) for [Anonymous Symbol]
    system_stm32f1xx.o(.text.SystemCoreClockUpdate) refers to system_stm32f1xx.o(.data.SystemCoreClock) for SystemCoreClock
    system_stm32f1xx.o(.text.SystemCoreClockUpdate) refers to system_stm32f1xx.o(.rodata.AHBPrescTable) for AHBPrescTable
    system_stm32f1xx.o(.ARM.exidx.text.SystemCoreClockUpdate) refers to system_stm32f1xx.o(.text.SystemCoreClockUpdate) for [Anonymous Symbol]
    main.o(.ARM.exidx.text.main) refers to main.o(.text.main) for [Anonymous Symbol]
    stm32f1xx_hal.o(.text.HAL_Init) refers to stm32f1xx_hal_cortex.o(.text.HAL_NVIC_SetPriorityGrouping) for HAL_NVIC_SetPriorityGrouping
    stm32f1xx_hal.o(.text.HAL_Init) refers to stm32f1xx_hal_timebase_rtc_alarm_template.o(.text.HAL_InitTick) for HAL_InitTick
    stm32f1xx_hal.o(.text.HAL_Init) refers to stm32f1xx_hal_timebase_tim_template.o(.text.HAL_InitTick) for HAL_InitTick
    stm32f1xx_hal.o(.text.HAL_Init) refers to stm32f1xx_hal_msp_template.o(.text.HAL_MspInit) for HAL_MspInit
    stm32f1xx_hal.o(.ARM.exidx.text.HAL_Init) refers to stm32f1xx_hal.o(.text.HAL_Init) for [Anonymous Symbol]
    stm32f1xx_hal.o(.text.HAL_InitTick) refers to system_stm32f1xx.o(.data.SystemCoreClock) for SystemCoreClock
    stm32f1xx_hal.o(.text.HAL_InitTick) refers to stm32f1xx_hal_cortex.o(.text.HAL_SYSTICK_Config) for HAL_SYSTICK_Config
    stm32f1xx_hal.o(.text.HAL_InitTick) refers to stm32f1xx_hal_cortex.o(.text.HAL_NVIC_SetPriority) for HAL_NVIC_SetPriority
    stm32f1xx_hal.o(.ARM.exidx.text.HAL_InitTick) refers to stm32f1xx_hal.o(.text.HAL_InitTick) for [Anonymous Symbol]
    stm32f1xx_hal.o(.ARM.exidx.text.HAL_MspInit) refers to stm32f1xx_hal.o(.text.HAL_MspInit) for [Anonymous Symbol]
    stm32f1xx_hal.o(.text.HAL_DeInit) refers to stm32f1xx_hal_msp_template.o(.text.HAL_MspDeInit) for HAL_MspDeInit
    stm32f1xx_hal.o(.ARM.exidx.text.HAL_DeInit) refers to stm32f1xx_hal.o(.text.HAL_DeInit) for [Anonymous Symbol]
    stm32f1xx_hal.o(.ARM.exidx.text.HAL_MspDeInit) refers to stm32f1xx_hal.o(.text.HAL_MspDeInit) for [Anonymous Symbol]
    stm32f1xx_hal.o(.text.HAL_IncTick) refers to stm32f1xx_hal.o(.bss.uwTick) for uwTick
    stm32f1xx_hal.o(.ARM.exidx.text.HAL_IncTick) refers to stm32f1xx_hal.o(.text.HAL_IncTick) for [Anonymous Symbol]
    stm32f1xx_hal.o(.text.HAL_GetTick) refers to stm32f1xx_hal.o(.bss.uwTick) for uwTick
    stm32f1xx_hal.o(.ARM.exidx.text.HAL_GetTick) refers to stm32f1xx_hal.o(.text.HAL_GetTick) for [Anonymous Symbol]
    stm32f1xx_hal.o(.text.HAL_Delay) refers to stm32f1xx_hal.o(.text.HAL_GetTick) for HAL_GetTick
    stm32f1xx_hal.o(.ARM.exidx.text.HAL_Delay) refers to stm32f1xx_hal.o(.text.HAL_Delay) for [Anonymous Symbol]
    stm32f1xx_hal.o(.ARM.exidx.text.HAL_SuspendTick) refers to stm32f1xx_hal.o(.text.HAL_SuspendTick) for [Anonymous Symbol]
    stm32f1xx_hal.o(.ARM.exidx.text.HAL_ResumeTick) refers to stm32f1xx_hal.o(.text.HAL_ResumeTick) for [Anonymous Symbol]
    stm32f1xx_hal.o(.ARM.exidx.text.HAL_GetHalVersion) refers to stm32f1xx_hal.o(.text.HAL_GetHalVersion) for [Anonymous Symbol]
    stm32f1xx_hal.o(.ARM.exidx.text.HAL_GetREVID) refers to stm32f1xx_hal.o(.text.HAL_GetREVID) for [Anonymous Symbol]
    stm32f1xx_hal.o(.ARM.exidx.text.HAL_GetDEVID) refers to stm32f1xx_hal.o(.text.HAL_GetDEVID) for [Anonymous Symbol]
    stm32f1xx_hal.o(.ARM.exidx.text.HAL_DBGMCU_EnableDBGSleepMode) refers to stm32f1xx_hal.o(.text.HAL_DBGMCU_EnableDBGSleepMode) for [Anonymous Symbol]
    stm32f1xx_hal.o(.ARM.exidx.text.HAL_DBGMCU_DisableDBGSleepMode) refers to stm32f1xx_hal.o(.text.HAL_DBGMCU_DisableDBGSleepMode) for [Anonymous Symbol]
    stm32f1xx_hal.o(.ARM.exidx.text.HAL_DBGMCU_EnableDBGStopMode) refers to stm32f1xx_hal.o(.text.HAL_DBGMCU_EnableDBGStopMode) for [Anonymous Symbol]
    stm32f1xx_hal.o(.ARM.exidx.text.HAL_DBGMCU_DisableDBGStopMode) refers to stm32f1xx_hal.o(.text.HAL_DBGMCU_DisableDBGStopMode) for [Anonymous Symbol]
    stm32f1xx_hal.o(.ARM.exidx.text.HAL_DBGMCU_EnableDBGStandbyMode) refers to stm32f1xx_hal.o(.text.HAL_DBGMCU_EnableDBGStandbyMode) for [Anonymous Symbol]
[...]
    stm32f1xx_hal_tim.o(.ARM.exidx.text.HAL_TIM_Encoder_MspDeInit) refers to stm32f1xx_hal_tim.o(.text.HAL_TIM_Encoder_MspDeInit) for [Anonymous Symbol]
    stm32f1xx_hal_tim.o(.text.HAL_TIM_Encoder_Start) refers to stm32f1xx_hal_tim.o(.text.TIM_CCxChannelCmd) for TIM_CCxChannelCmd
    stm32f1xx_hal_tim.o(.ARM.exidx.text.HAL_TIM_Encoder_Start) refers to stm32f1xx_hal_tim.o(.text.HAL_TIM_Encoder_Start) for [Anonymous Symbol]
    stm32f1xx_hal_tim.o(.text.HAL_TIM_Encoder_Stop) refers to stm32f1xx_hal_tim.o(.text.TIM_CCxChannelCmd) for TIM_CCxChannelCmd
    stm32f1xx_hal_tim.o(.ARM.exidx.text.HAL_TIM_Encoder_Stop) refers to stm32f1xx_hal_tim.o(.text.HAL_TIM_Encoder_Stop) for [Anonymous Symbol]
    stm32f1xx_hal_tim.o(.text.HAL_TIM_Encoder_Start_IT) refers to stm32f1xx_hal_tim.o(.text.TIM_CCxChannelCmd) for TIM_CCxChannelCmd
    stm32f1xx_hal_tim.o(.ARM.exidx.text.HAL_TIM_Encoder_Start_IT) refers to stm32f1xx_hal_tim.o(.text.HAL_TIM_Encoder_Start_IT) for [Anonymous Symbol]
    stm32f1xx_hal_tim.o(.text.HAL_TIM_Encoder_Stop_IT) refers to stm32f1xx_hal_tim.o(.text.TIM_CCxChannelCmd) for TIM_CCxChannelCmd
    stm32f1xx_hal_tim.o(.ARM.exidx.text.HAL_TIM_Encoder_Stop_IT) refers to stm32f1xx_hal_tim.o(.text.HAL_TIM_Encoder_Stop_IT) for [Anonymous Symbol]
    stm32f1xx_hal_tim.o(.text.HAL_TIM_Encoder_Start_DMA) refers to stm32f1xx_hal_tim.o(.text.TIM_DMACaptureCplt) for TIM_DMACaptureCplt
    stm32f1xx_hal_tim.o(.text.HAL_TIM_Encoder_Start_DMA) refers to stm32f1xx_hal_tim.o(.text.TIM_DMAError) for TIM_DMAError
    stm32f1xx_hal_tim.o(.text.HAL_TIM_Encoder_Start_DMA) refers to stm32f1xx_hal_dma.o(.text.HAL_DMA_Start_IT) for HAL_DMA_Start_IT
    stm32f1xx_hal_tim.o(.text.HAL_TIM_Encoder_Start_DMA) refers to stm32f1xx_hal_tim.o(.text.TIM_CCxChannelCmd) for TIM_CCxChannelCmd
    stm32f1xx_hal_tim.o(.ARM.exidx.text.HAL_TIM_Encoder_Start_DMA) refers to stm32f1xx_hal_tim.o(.text.HAL_TIM_Encoder_Start_DMA) for [Anonymous Symbol]
    stm32f1xx_hal_tim.o(.text.HAL_TIM_Encoder_Stop_DMA) refers to stm32f1xx_hal_tim.o(.text.TIM_CCxChannelCmd) for TIM_CCxChannelCmd
    stm32f1xx_hal_tim.o(.ARM.exidx.text.HAL_TIM_Encoder_Stop_DMA) refers to stm32f1xx_hal_tim.o(.text.HAL_TIM_Encoder_Stop_DMA) for [Anonymous Symbol]
    stm32f1xx_hal_tim.o(.text.HAL_TIM_IRQHandler) refers to stm32f1xx_hal_tim.o(.text.HAL_TIM_IC_CaptureCallback) for HAL_TIM_IC_CaptureCallback
    stm32f1xx_hal_tim.o(.text.HAL_TIM_IRQHandler) refers to stm32f1xx_hal_timebase_tim_template.o(.text.HAL_TIM_PeriodElapsedCallback) for HAL_TIM_PeriodElapsedCallback
    stm32f1xx_hal_tim.o(.text.HAL_TIM_IRQHandler) refers to stm32f1xx_hal_tim_ex.o(.text.HAL_TIMEx_BreakCallback) for HAL_TIMEx_BreakCallback
    stm32f1xx_hal_tim.o(.text.HAL_TIM_IRQHandler) refers to stm32f1xx_hal_tim.o(.text.HAL_TIM_TriggerCallback) for HAL_TIM_TriggerCallback
    stm32f1xx_hal_tim.o(.text.HAL_TIM_IRQHandler) refers to stm32f1xx_hal_tim_ex.o(.text.HAL_TIMEx_CommutationCallback) for HAL_TIMEx_CommutationCallback
    stm32f1xx_hal_tim.o(.text.HAL_TIM_IRQHandler) refers to stm32f1xx_hal_tim.o(.text.HAL_TIM_OC_DelayElapsedCallback) for HAL_TIM_OC_DelayElapsedCallback
    stm32f1xx_hal_tim.o(.text.HAL_TIM_IRQHandler) refers to stm32f1xx_hal_tim.o(.text.HAL_TIM_PWM_PulseFinishedCallback) for HAL_TIM_PWM_PulseFinishedCallback
    stm32f1xx_hal_tim.o(.ARM.exidx.text.HAL_TIM_IRQHandler) refers to stm32f1xx_hal_tim.o(.text.HAL_TIM_IRQHandler) for [Anonymous Symbol]
    stm32f1xx_hal_tim.o(.ARM.exidx.text.HAL_TIM_IC_CaptureCallback) refers to stm32f1xx_hal_tim.o(.text.HAL_TIM_IC_CaptureCallback) for [Anonymous Symbol]
    stm32f1xx_hal_tim.o(.ARM.exidx.text.HAL_TIM_OC_DelayElapsedCallback) refers to stm32f1xx_hal_tim.o(.text.HAL_TIM_OC_DelayElapsedCallback) for [Anonymous Symbol]
    stm32f1xx_hal_tim.o(.ARM.exidx.text.HAL_TIM_PWM_PulseFinishedCallback) refers to stm32f1xx_hal_tim.o(.text.HAL_TIM_PWM_PulseFinishedCallback) for [Anonymous Symbol]
    stm32f1xx_hal_tim.o(.ARM.exidx.text.HAL_TIM_PeriodElapsedCallback) refers to stm32f1xx_hal_tim.o(.text.HAL_TIM_PeriodElapsedCallback) for [Anonymous Symbol]
    stm32f1xx_hal_tim.o(.ARM.exidx.text.HAL_TIM_TriggerCallback) refers to stm32f1xx_hal_tim.o(.text.HAL_TIM_TriggerCallback) for [Anonymous Symbol]
    stm32f1xx_hal_tim.o(.text.HAL_TIM_OC_ConfigChannel) refers to stm32f1xx_hal_tim.o(.text.TIM_OC1_SetConfig) for TIM_OC1_SetConfig
    stm32f1xx_hal_tim.o(.text.HAL_TIM_OC_ConfigChannel) refers to stm32f1xx_hal_tim.o(.text.TIM_OC2_SetConfig) for TIM_OC2_SetConfig
    stm32f1xx_hal_tim.o(.text.HAL_TIM_OC_ConfigChannel) refers to stm32f1xx_hal_tim.o(.text.TIM_OC3_SetConfig) for TIM_OC3_SetConfig
    stm32f1xx_hal_tim.o(.text.HAL_TIM_OC_ConfigChannel) refers to stm32f1xx_hal_tim.o(.text.TIM_OC4_SetConfig) for TIM_OC4_SetConfig
    stm32f1xx_hal_tim.o(.ARM.exidx.text.HAL_TIM_OC_ConfigChannel) refers to stm32f1xx_hal_tim.o(.text.HAL_TIM_OC_ConfigChannel) for [Anonymous Symbol]
    stm32f1xx_hal_tim.o(.ARM.exidx.text.TIM_OC1_SetConfig) refers to stm32f1xx_hal_tim.o(.text.TIM_OC1_SetConfig) for [Anonymous Symbol]
    stm32f1xx_hal_tim.o(.ARM.exidx.text.TIM_OC2_SetConfig) refers to stm32f1xx_hal_tim.o(.text.TIM_OC2_SetConfig) for [Anonymous Symbol]
    stm32f1xx_hal_tim.o(.ARM.exidx.text.TIM_OC3_SetConfig) refers to stm32f1xx_hal_tim.o(.text.TIM_OC3_SetConfig) for [Anonymous Symbol]
    stm32f1xx_hal_tim.o(.ARM.exidx.text.TIM_OC4_SetConfig) refers to stm32f1xx_hal_tim.o(.text.TIM_OC4_SetConfig) for [Anonymous Symbol]
    stm32f1xx_hal_tim.o(.text.HAL_TIM_IC_ConfigChannel) refers to stm32f1xx_hal_tim.o(.text.TIM_TI1_SetConfig) for TIM_TI1_SetConfig
    stm32f1xx_hal_tim.o(.text.HAL_TIM_IC_ConfigChannel) refers to stm32f1xx_hal_tim.o(.text.TIM_TI2_SetConfig) for TIM_TI2_SetConfig
    stm32f1xx_hal_tim.o(.text.HAL_TIM_IC_ConfigChannel) refers to stm32f1xx_hal_tim.o(.text.TIM_TI3_SetConfig) for TIM_TI3_SetConfig
    stm32f1xx_hal_tim.o(.text.HAL_TIM_IC_ConfigChannel) refers to stm32f1xx_hal_tim.o(.text.TIM_TI4_SetConfig) for TIM_TI4_SetConfig
    stm32f1xx_hal_tim.o(.ARM.exidx.text.HAL_TIM_IC_ConfigChannel) refers to stm32f1xx_hal_tim.o(.text.HAL_TIM_IC_ConfigChannel) for [Anonymous Symbol]
    stm32f1xx_hal_tim.o(.ARM.exidx.text.TIM_TI1_SetConfig) refers to stm32f1xx_hal_tim.o(.text.TIM_TI1_SetConfig) for [Anonymous Symbol]
    stm32f1xx_hal_tim.o(.ARM.exidx.text.TIM_TI2_SetConfig) refers to stm32f1xx_hal_tim.o(.text.TIM_TI2_SetConfig) for [Anonymous Symbol]
    stm32f1xx_hal_tim.o(.ARM.exidx.text.TIM_TI3_SetConfig) refers to stm32f1xx_hal_tim.o(.text.TIM_TI3_SetConfig) for [Anonymous Symbol]
    stm32f1xx_hal_tim.o(.ARM.exidx.text.TIM_TI4_SetConfig) refers to stm32f1xx_hal_tim.o(.text.TIM_TI4_SetConfig) for [Anonymous Symbol]
    stm32f1xx_hal_tim.o(.text.HAL_TIM_PWM_ConfigChannel) refers to stm32f1xx_hal_tim.o(.text.TIM_OC1_SetConfig) for TIM_OC1_SetConfig
    stm32f1xx_hal_tim.o(.text.HAL_TIM_PWM_ConfigChannel) refers to stm32f1xx_hal_tim.o(.text.TIM_OC2_SetConfig) for TIM_OC2_SetConfig
    stm32f1xx_hal_tim.o(.text.HAL_TIM_PWM_ConfigChannel) refers to stm32f1xx_hal_tim.o(.text.TIM_OC3_SetConfig) for TIM_OC3_SetConfig
    stm32f1xx_hal_tim.o(.text.HAL_TIM_PWM_ConfigChannel) refers to stm32f1xx_hal_tim.o(.text.TIM_OC4_SetConfig) for TIM_OC4_SetConfig
    stm32f1xx_hal_tim.o(.ARM.exidx.text.HAL_TIM_PWM_ConfigChannel) refers to stm32f1xx_hal_tim.o(.text.HAL_TIM_PWM_ConfigChannel) for [Anonymous Symbol]
    stm32f1xx_hal_tim.o(.text.HAL_TIM_OnePulse_ConfigChannel) refers to stm32f1xx_hal_tim.o(.text.TIM_OC1_SetConfig) for TIM_OC1_SetConfig
    stm32f1xx_hal_tim.o(.text.HAL_TIM_OnePulse_ConfigChannel) refers to stm32f1xx_hal_tim.o(.text.TIM_TI1_SetConfig) for TIM_TI1_SetConfig
    stm32f1xx_hal_tim.o(.text.HAL_TIM_OnePulse_ConfigChannel) refers to stm32f1xx_hal_tim.o(.text.TIM_OC2_SetConfig) for TIM_OC2_SetConfig
    stm32f1xx_hal_tim.o(.text.HAL_TIM_OnePulse_ConfigChannel) refers to stm32f1xx_hal_tim.o(.text.TIM_TI2_SetConfig) for TIM_TI2_SetConfig
    stm32f1xx_hal_tim.o(.ARM.exidx.text.HAL_TIM_OnePulse_ConfigChannel) refers to stm32f1xx_hal_tim.o(.text.HAL_TIM_OnePulse_ConfigChannel) for [Anonymous Symbol]
    stm32f1xx_hal_tim.o(.text.HAL_TIM_DMABurst_WriteStart) refers to stm32f1xx_hal_tim.o(.text.TIM_DMATriggerCplt) for TIM_DMATriggerCplt
    stm32f1xx_hal_tim.o(.text.HAL_TIM_DMABurst_WriteStart) refers to stm32f1xx_hal_tim.o(.text.TIM_DMAPeriodElapsedCplt) for TIM_DMAPeriodElapsedCplt
    stm32f1xx_hal_tim.o(.text.HAL_TIM_DMABurst_WriteStart) refers to stm32f1xx_hal_tim_ex.o(.text.TIMEx_DMACommutationCplt) for TIMEx_DMACommutationCplt
    stm32f1xx_hal_tim.o(.text.HAL_TIM_DMABurst_WriteStart) refers to stm32f1xx_hal_tim.o(.text.TIM_DMADelayPulseCplt) for TIM_DMADelayPulseCplt
    stm32f1xx_hal_tim.o(.text.HAL_TIM_DMABurst_WriteStart) refers to stm32f1xx_hal_tim.o(.text.TIM_DMAError) for TIM_DMAError
    stm32f1xx_hal_tim.o(.text.HAL_TIM_DMABurst_WriteStart) refers to stm32f1xx_hal_dma.o(.text.HAL_DMA_Start_IT) for HAL_DMA_Start_IT
    stm32f1xx_hal_tim.o(.ARM.exidx.text.HAL_TIM_DMABurst_WriteStart) refers to stm32f1xx_hal_tim.o(.text.HAL_TIM_DMABurst_WriteStart) for [Anonymous Symbol]
    stm32f1xx_hal_tim.o(.text.TIM_DMATriggerCplt) refers to stm32f1xx_hal_tim.o(.text.HAL_TIM_TriggerCallback) for HAL_TIM_TriggerCallback
    stm32f1xx_hal_tim.o(.ARM.exidx.text.TIM_DMATriggerCplt) refers to stm32f1xx_hal_tim.o(.text.TIM_DMATriggerCplt) for [Anonymous Symbol]
    stm32f1xx_hal_tim.o(.text.HAL_TIM_DMABurst_WriteStop) refers to stm32f1xx_hal_dma.o(.text.HAL_DMA_Abort) for HAL_DMA_Abort
    stm32f1xx_hal_tim.o(.ARM.exidx.text.HAL_TIM_DMABurst_WriteStop) refers to stm32f1xx_hal_tim.o(.text.HAL_TIM_DMABurst_WriteStop) for [Anonymous Symbol]
    stm32f1xx_hal_tim.o(.text.HAL_TIM_DMABurst_ReadStart) refers to stm32f1xx_hal_tim.o(.text.TIM_DMATriggerCplt) for TIM_DMATriggerCplt
    stm32f1xx_hal_tim.o(.text.HAL_TIM_DMABurst_ReadStart) refers to stm32f1xx_hal_tim.o(.text.TIM_DMAPeriodElapsedCplt) for TIM_DMAPeriodElapsedCplt
    stm32f1xx_hal_tim.o(.text.HAL_TIM_DMABurst_ReadStart) refers to stm32f1xx_hal_tim_ex.o(.text.TIMEx_DMACommutationCplt) for TIMEx_DMACommutationCplt
    stm32f1xx_hal_tim.o(.text.HAL_TIM_DMABurst_ReadStart) refers to stm32f1xx_hal_tim.o(.text.TIM_DMACaptureCplt) for TIM_DMACaptureCplt
    stm32f1xx_hal_tim.o(.text.HAL_TIM_DMABurst_ReadStart) refers to stm32f1xx_hal_tim.o(.text.TIM_DMAError) for TIM_DMAError
    stm32f1xx_hal_tim.o(.text.HAL_TIM_DMABurst_ReadStart) refers to stm32f1xx_hal_dma.o(.text.HAL_DMA_Start_IT) for HAL_DMA_Start_IT
    stm32f1xx_hal_tim.o(.ARM.exidx.text.HAL_TIM_DMABurst_ReadStart) refers to stm32f1xx_hal_tim.o(.text.HAL_TIM_DMABurst_ReadStart) for [Anonymous Symbol]
    stm32f1xx_hal_tim.o(.text.HAL_TIM_DMABurst_ReadStop) refers to stm32f1xx_hal_dma.o(.text.HAL_DMA_Abort) for HAL_DMA_Abort
    stm32f1xx_hal_tim.o(.ARM.exidx.text.HAL_TIM_DMABurst_ReadStop) refers to stm32f1xx_hal_tim.o(.text.HAL_TIM_DMABurst_ReadStop) for [Anonymous Symbol]
    stm32f1xx_hal_tim.o(.ARM.exidx.text.HAL_TIM_GenerateEvent) refers to stm32f1xx_hal_tim.o(.text.HAL_TIM_GenerateEvent) for [Anonymous Symbol]
    stm32f1xx_hal_tim.o(.text.HAL_TIM_ConfigOCrefClear) refers to stm32f1xx_hal_tim.o(.text.TIM_ETR_SetConfig) for TIM_ETR_SetConfig
    stm32f1xx_hal_tim.o(.ARM.exidx.text.HAL_TIM_ConfigOCrefClear) refers to stm32f1xx_hal_tim.o(.text.HAL_TIM_ConfigOCrefClear) for [Anonymous Symbol]
    stm32f1xx_hal_tim.o(.ARM.exidx.text.TIM_ETR_SetConfig) refers to stm32f1xx_hal_tim.o(.text.TIM_ETR_SetConfig) for [Anonymous Symbol]
    stm32f1xx_hal_tim.o(.text.HAL_TIM_ConfigClockSource) refers to stm32f1xx_hal_tim.o(.text.TIM_TI1_ConfigInputStage) for TIM_TI1_ConfigInputStage
    stm32f1xx_hal_tim.o(.text.HAL_TIM_ConfigClockSource) refers to stm32f1xx_hal_tim.o(.text.TIM_TI2_ConfigInputStage) for TIM_TI2_ConfigInputStage
    stm32f1xx_hal_tim.o(.text.HAL_TIM_ConfigClockSource) refers to stm32f1xx_hal_tim.o(.text.TIM_ETR_SetConfig) for TIM_ETR_SetConfig
    stm32f1xx_hal_tim.o(.text.HAL_TIM_ConfigClockSource) refers to stm32f1xx_hal_tim.o(.text.TIM_ITRx_SetConfig) for TIM_ITRx_SetConfig
    stm32f1xx_hal_tim.o(.ARM.exidx.text.HAL_TIM_ConfigClockSource) refers to stm32f1xx_hal_tim.o(.text.HAL_TIM_ConfigClockSource) for [Anonymous Symbol]
    stm32f1xx_hal_tim.o(.ARM.exidx.text.TIM_TI1_ConfigInputStage) refers to stm32f1xx_hal_tim.o(.text.TIM_TI1_ConfigInputStage) for [Anonymous Symbol]
    stm32f1xx_hal_tim.o(.ARM.exidx.text.TIM_ITRx_SetConfig) refers to stm32f1xx_hal_tim.o(.text.TIM_ITRx_SetConfig) for [Anonymous Symbol]
    stm32f1xx_hal_tim.o(.ARM.exidx.text.TIM_TI2_ConfigInputStage) refers to stm32f1xx_hal_tim.o(.text.TIM_TI2_ConfigInputStage) for [Anonymous Symbol]
    stm32f1xx_hal_tim.o(.ARM.exidx.text.HAL_TIM_ConfigTI1Input) refers to stm32f1xx_hal_tim.o(.text.HAL_TIM_ConfigTI1Input) for [Anonymous Symbol]
    stm32f1xx_hal_tim.o(.text.HAL_TIM_SlaveConfigSynchronization) refers to stm32f1xx_hal_tim.o(.text.TIM_SlaveTimer_SetConfig) for TIM_SlaveTimer_SetConfig
    stm32f1xx_hal_tim.o(.ARM.exidx.text.HAL_TIM_SlaveConfigSynchronization) refers to stm32f1xx_hal_tim.o(.text.HAL_TIM_SlaveConfigSynchronization) for [Anonymous Symbol]
    stm32f1xx_hal_tim.o(.text.TIM_SlaveTimer_SetConfig) refers to stm32f1xx_hal_tim.o(.text.TIM_TI2_ConfigInputStage) for TIM_TI2_ConfigInputStage
    stm32f1xx_hal_tim.o(.text.TIM_SlaveTimer_SetConfig) refers to stm32f1xx_hal_tim.o(.text.TIM_ETR_SetConfig) for TIM_ETR_SetConfig
    stm32f1xx_hal_tim.o(.text.TIM_SlaveTimer_SetConfig) refers to stm32f1xx_hal_tim.o(.text.TIM_TI1_ConfigInputStage) for TIM_TI1_ConfigInputStage
    stm32f1xx_hal_tim.o(.ARM.exidx.text.TIM_SlaveTimer_SetConfig) refers to stm32f1xx_hal_tim.o(.text.TIM_SlaveTimer_SetConfig) for [Anonymous Symbol]
    stm32f1xx_hal_tim.o(.text.HAL_TIM_SlaveConfigSynchronization_IT) refers to stm32f1xx_hal_tim.o(.text.TIM_SlaveTimer_SetConfig) for TIM_SlaveTimer_SetConfig
    stm32f1xx_hal_tim.o(.ARM.exidx.text.HAL_TIM_SlaveConfigSynchronization_IT) refers to stm32f1xx_hal_tim.o(.text.HAL_TIM_SlaveConfigSynchronization_IT) for [Anonymous Symbol]
    stm32f1xx_hal_tim.o(.ARM.exidx.text.HAL_TIM_ReadCapturedValue) refers to stm32f1xx_hal_tim.o(.text.HAL_TIM_ReadCapturedValue) for [Anonymous Symbol]
    stm32f1xx_hal_tim.o(.ARM.exidx.text.HAL_TIM_ErrorCallback) refers to stm32f1xx_hal_tim.o(.text.HAL_TIM_ErrorCallback) for [Anonymous Symbol]
    stm32f1xx_hal_tim.o(.ARM.exidx.text.HAL_TIM_Base_GetState) refers to stm32f1xx_hal_tim.o(.text.HAL_TIM_Base_GetState) for [Anonymous Symbol]
    stm32f1xx_hal_tim.o(.ARM.exidx.text.HAL_TIM_OC_GetState) refers to stm32f1xx_hal_tim.o(.text.HAL_TIM_OC_GetState) for [Anonymous Symbol]
    stm32f1xx_hal_tim.o(.ARM.exidx.text.HAL_TIM_PWM_GetState) refers to stm32f1xx_hal_tim.o(.text.HAL_TIM_PWM_GetState) for [Anonymous Symbol]
    stm32f1xx_hal_tim.o(.ARM.exidx.text.HAL_TIM_IC_GetState) refers to stm32f1xx_hal_tim.o(.text.HAL_TIM_IC_GetState) for [Anonymous Symbol]
    stm32f1xx_hal_tim.o(.ARM.exidx.text.HAL_TIM_OnePulse_GetState) refers to stm32f1xx_hal_tim.o(.text.HAL_TIM_OnePulse_GetState) for [Anonymous Symbol]
    stm32f1xx_hal_tim.o(.ARM.exidx.text.HAL_TIM_Encoder_GetState) refers to stm32f1xx_hal_tim.o(.text.HAL_TIM_Encoder_GetState) for [Anonymous Symbol]
    stm32f1xx_hal_tim_ex.o(.text.HAL_TIMEx_HallSensor_Init) refers to stm32f1xx_hal_tim_ex.o(.text.HAL_TIMEx_HallSensor_MspInit) for HAL_TIMEx_HallSensor_MspInit
    stm32f1xx_hal_tim_ex.o(.text.HAL_TIMEx_HallSensor_Init) refers to stm32f1xx_hal_tim.o(.text.TIM_Base_SetConfig) for TIM_Base_SetConfig
    stm32f1xx_hal_tim_ex.o(.text.HAL_TIMEx_HallSensor_Init) refers to stm32f1xx_hal_tim.o(.text.TIM_TI1_SetConfig) for TIM_TI1_SetConfig
    stm32f1xx_hal_tim_ex.o(.text.HAL_TIMEx_HallSensor_Init) refers to stm32f1xx_hal_tim.o(.text.TIM_OC2_SetConfig) for TIM_OC2_SetConfig
    stm32f1xx_hal_tim_ex.o(.ARM.exidx.text.HAL_TIMEx_HallSensor_Init) refers to stm32f1xx_hal_tim_ex.o(.text.HAL_TIMEx_HallSensor_Init) for [Anonymous Symbol]
    stm32f1xx_hal_tim_ex.o(.ARM.exidx.text.HAL_TIMEx_HallSensor_MspInit) refers to stm32f1xx_hal_tim_ex.o(.text.HAL_TIMEx_HallSensor_MspInit) for [Anonymous Symbol]
    stm32f1xx_hal_tim_ex.o(.text.HAL_TIMEx_HallSensor_DeInit) refers to stm32f1xx_hal_tim_ex.o(.text.HAL_TIMEx_HallSensor_MspDeInit) for HAL_TIMEx_HallSensor_MspDeInit
    stm32f1xx_hal_tim_ex.o(.ARM.exidx.text.HAL_TIMEx_HallSensor_DeInit) refers to stm32f1xx_hal_tim_ex.o(.text.HAL_TIMEx_HallSensor_DeInit) for [Anonymous Symbol]
    stm32f1xx_hal_tim_ex.o(.ARM.exidx.text.HAL_TIMEx_HallSensor_MspDeInit) refers to stm32f1xx_hal_tim_ex.o(.text.HAL_TIMEx_HallSensor_MspDeInit) for [Anonymous Symbol]
    stm32f1xx_hal_tim_ex.o(.text.HAL_TIMEx_HallSensor_Start) refers to stm32f1xx_hal_tim.o(.text.TIM_CCxChannelCmd) for TIM_CCxChannelCmd
    stm32f1xx_hal_tim_ex.o(.ARM.exidx.text.HAL_TIMEx_HallSensor_Start) refers to stm32f1xx_hal_tim_ex.o(.text.HAL_TIMEx_HallSensor_Start) for [Anonymous Symbol]
    stm32f1xx_hal_tim_ex.o(.text.HAL_TIMEx_HallSensor_Stop) refers to stm32f1xx_hal_tim.o(.text.TIM_CCxChannelCmd) for TIM_CCxChannelCmd
    stm32f1xx_hal_tim_ex.o(.ARM.exidx.text.HAL_TIMEx_HallSensor_Stop) refers to stm32f1xx_hal_tim_ex.o(.text.HAL_TIMEx_HallSensor_Stop) for [Anonymous Symbol]
    stm32f1xx_hal_tim_ex.o(.text.HAL_TIMEx_HallSensor_Start_IT) refers to stm32f1xx_hal_tim.o(.text.TIM_CCxChannelCmd) for TIM_CCxChannelCmd
    stm32f1xx_hal_tim_ex.o(.ARM.exidx.text.HAL_TIMEx_HallSensor_Start_IT) refers to stm32f1xx_hal_tim_ex.o(.text.HAL_TIMEx_HallSensor_Start_IT) for [Anonymous Symbol]
    stm32f1xx_hal_tim_ex.o(.text.HAL_TIMEx_HallSensor_Stop_IT) refers to stm32f1xx_hal_tim.o(.text.TIM_CCxChannelCmd) for TIM_CCxChannelCmd
    stm32f1xx_hal_tim_ex.o(.ARM.exidx.text.HAL_TIMEx_HallSensor_Stop_IT) refers to stm32f1xx_hal_tim_ex.o(.text.HAL_TIMEx_HallSensor_Stop_IT) for [Anonymous Symbol]
    stm32f1xx_hal_tim_ex.o(.text.HAL_TIMEx_HallSensor_Start_DMA) refers to stm32f1xx_hal_tim.o(.text.TIM_CCxChannelCmd) for TIM_CCxChannelCmd
    stm32f1xx_hal_tim_ex.o(.text.HAL_TIMEx_HallSensor_Start_DMA) refers to stm32f1xx_hal_tim.o(.text.TIM_DMACaptureCplt) for TIM_DMACaptureCplt
    stm32f1xx_hal_tim_ex.o(.text.HAL_TIMEx_HallSensor_Start_DMA) refers to stm32f1xx_hal_tim.o(.text.TIM_DMAError) for TIM_DMAError
    stm32f1xx_hal_tim_ex.o(.text.HAL_TIMEx_HallSensor_Start_DMA) refers to stm32f1xx_hal_dma.o(.text.HAL_DMA_Start_IT) for HAL_DMA_Start_IT
    stm32f1xx_hal_tim_ex.o(.ARM.exidx.text.HAL_TIMEx_HallSensor_Start_DMA) refers to stm32f1xx_hal_tim_ex.o(.text.HAL_TIMEx_HallSensor_Start_DMA) for [Anonymous Symbol]
    stm32f1xx_hal_tim_ex.o(.text.HAL_TIMEx_HallSensor_Stop_DMA) refers to stm32f1xx_hal_tim.o(.text.TIM_CCxChannelCmd) for TIM_CCxChannelCmd
    stm32f1xx_hal_tim_ex.o(.ARM.exidx.text.HAL_TIMEx_HallSensor_Stop_DMA) refers to stm32f1xx_hal_tim_ex.o(.text.HAL_TIMEx_HallSensor_Stop_DMA) for [Anonymous Symbol]
    stm32f1xx_hal_tim_ex.o(.text.HAL_TIMEx_OCN_Start) refers to stm32f1xx_hal_tim_ex.o(.text.TIM_CCxNChannelCmd) for TIM_CCxNChannelCmd
    stm32f1xx_hal_tim_ex.o(.ARM.exidx.text.HAL_TIMEx_OCN_Start) refers to stm32f1xx_hal_tim_ex.o(.text.HAL_TIMEx_OCN_Start) for [Anonymous Symbol]
    stm32f1xx_hal_tim_ex.o(.ARM.exidx.text.TIM_CCxNChannelCmd) refers to stm32f1xx_hal_tim_ex.o(.text.TIM_CCxNChannelCmd) for [Anonymous Symbol]
    stm32f1xx_hal_tim_ex.o(.text.HAL_TIMEx_OCN_Stop) refers to stm32f1xx_hal_tim_ex.o(.text.TIM_CCxNChannelCmd) for TIM_CCxNChannelCmd
    stm32f1xx_hal_tim_ex.o(.ARM.exidx.text.HAL_TIMEx_OCN_Stop) refers to stm32f1xx_hal_tim_ex.o(.text.HAL_TIMEx_OCN_Stop) for [Anonymous Symbol]
    stm32f1xx_hal_tim_ex.o(.text.HAL_TIMEx_OCN_Start_IT) refers to stm32f1xx_hal_tim_ex.o(.text.TIM_CCxNChannelCmd) for TIM_CCxNChannelCmd
    stm32f1xx_hal_tim_ex.o(.ARM.exidx.text.HAL_TIMEx_OCN_Start_IT) refers to stm32f1xx_hal_tim_ex.o(.text.HAL_TIMEx_OCN_Start_IT) for [Anonymous Symbol]
    stm32f1xx_hal_tim_ex.o(.text.HAL_TIMEx_OCN_Stop_IT) refers to stm32f1xx_hal_tim_ex.o(.text.TIM_CCxNChannelCmd) for TIM_CCxNChannelCmd
    stm32f1xx_hal_tim_ex.o(.ARM.exidx.text.HAL_TIMEx_OCN_Stop_IT) refers to stm32f1xx_hal_tim_ex.o(.text.HAL_TIMEx_OCN_Stop_IT) for [Anonymous Symbol]
    stm32f1xx_hal_tim_ex.o(.text.HAL_TIMEx_OCN_Start_DMA) refers to stm32f1xx_hal_tim.o(.text.TIM_DMADelayPulseCplt) for TIM_DMADelayPulseCplt
    stm32f1xx_hal_tim_ex.o(.text.HAL_TIMEx_OCN_Start_DMA) refers to stm32f1xx_hal_tim.o(.text.TIM_DMAError) for TIM_DMAError
    stm32f1xx_hal_tim_ex.o(.text.HAL_TIMEx_OCN_Start_DMA) refers to stm32f1xx_hal_dma.o(.text.HAL_DMA_Start_IT) for HAL_DMA_Start_IT
    stm32f1xx_hal_tim_ex.o(.text.HAL_TIMEx_OCN_Start_DMA) refers to stm32f1xx_hal_tim_ex.o(.text.TIM_CCxNChannelCmd) for TIM_CCxNChannelCmd
    stm32f1xx_hal_tim_ex.o(.ARM.exidx.text.HAL_TIMEx_OCN_Start_DMA) refers to stm32f1xx_hal_tim_ex.o(.text.HAL_TIMEx_OCN_Start_DMA) for [Anonymous Symbol]
    stm32f1xx_hal_tim_ex.o(.text.HAL_TIMEx_OCN_Stop_DMA) refers to stm32f1xx_hal_tim_ex.o(.text.TIM_CCxNChannelCmd) for TIM_CCxNChannelCmd
    stm32f1xx_hal_tim_ex.o(.ARM.exidx.text.HAL_TIMEx_OCN_Stop_DMA) refers to stm32f1xx_hal_tim_ex.o(.text.HAL_TIMEx_OCN_Stop_DMA) for [Anonymous Symbol]
    stm32f1xx_hal_tim_ex.o(.text.HAL_TIMEx_PWMN_Start) refers to stm32f1xx_hal_tim_ex.o(.text.TIM_CCxNChannelCmd) for TIM_CCxNChannelCmd
    stm32f1xx_hal_tim_ex.o(.ARM.exidx.text.HAL_TIMEx_PWMN_Start) refers to stm32f1xx_hal_tim_ex.o(.text.HAL_TIMEx_PWMN_Start) for [Anonymous Symbol]
    stm32f1xx_hal_tim_ex.o(.text.HAL_TIMEx_PWMN_Stop) refers to stm32f1xx_hal_tim_ex.o(.text.TIM_CCxNChannelCmd) for TIM_CCxNChannelCmd
    stm32f1xx_hal_tim_ex.o(.ARM.exidx.text.HAL_TIMEx_PWMN_Stop) refers to stm32f1xx_hal_tim_ex.o(.text.HAL_TIMEx_PWMN_Stop) for [Anonymous Symbol]
    stm32f1xx_hal_tim_ex.o(.text.HAL_TIMEx_PWMN_Start_IT) refers to stm32f1xx_hal_tim_ex.o(.text.TIM_CCxNChannelCmd) for TIM_CCxNChannelCmd
    stm32f1xx_hal_tim_ex.o(.ARM.exidx.text.HAL_TIMEx_PWMN_Start_IT) refers to stm32f1xx_hal_tim_ex.o(.text.HAL_TIMEx_PWMN_Start_IT) for [Anonymous Symbol]
    stm32f1xx_hal_tim_ex.o(.text.HAL_TIMEx_PWMN_Stop_IT) refers to stm32f1xx_hal_tim_ex.o(.text.TIM_CCxNChannelCmd) for TIM_CCxNChannelCmd
    stm32f1xx_hal_tim_ex.o(.ARM.exidx.text.HAL_TIMEx_PWMN_Stop_IT) refers to stm32f1xx_hal_tim_ex.o(.text.HAL_TIMEx_PWMN_Stop_IT) for [Anonymous Symbol]
    stm32f1xx_hal_tim_ex.o(.text.HAL_TIMEx_PWMN_Start_DMA) refers to stm32f1xx_hal_tim.o(.text.TIM_DMADelayPulseCplt) for TIM_DMADelayPulseCplt
    stm32f1xx_hal_tim_ex.o(.text.HAL_TIMEx_PWMN_Start_DMA) refers to stm32f1xx_hal_tim.o(.text.TIM_DMAError) for TIM_DMAError
    stm32f1xx_hal_tim_ex.o(.text.HAL_TIMEx_PWMN_Start_DMA) refers to stm32f1xx_hal_dma.o(.text.HAL_DMA_Start_IT) for HAL_DMA_Start_IT
    stm32f1xx_hal_tim_ex.o(.text.HAL_TIMEx_PWMN_Start_DMA) refers to stm32f1xx_hal_tim_ex.o(.text.TIM_CCxNChannelCmd) for TIM_CCxNChannelCmd
    stm32f1xx_hal_tim_ex.o(.ARM.exidx.text.HAL_TIMEx_PWMN_Start_DMA) refers to stm32f1xx_hal_tim_ex.o(.text.HAL_TIMEx_PWMN_Start_DMA) for [Anonymous Symbol]
    stm32f1xx_hal_tim_ex.o(.text.HAL_TIMEx_PWMN_Stop_DMA) refers to stm32f1xx_hal_tim_ex.o(.text.TIM_CCxNChannelCmd) for TIM_CCxNChannelCmd
    stm32f1xx_hal_tim_ex.o(.ARM.exidx.text.HAL_TIMEx_PWMN_Stop_DMA) refers to stm32f1xx_hal_tim_ex.o(.text.HAL_TIMEx_PWMN_Stop_DMA) for [Anonymous Symbol]
    stm32f1xx_hal_tim_ex.o(.text.HAL_TIMEx_OnePulseN_Start) refers to stm32f1xx_hal_tim_ex.o(.text.TIM_CCxNChannelCmd) for TIM_CCxNChannelCmd
    stm32f1xx_hal_tim_ex.o(.ARM.exidx.text.HAL_TIMEx_OnePulseN_Start) refers to stm32f1xx_hal_tim_ex.o(.text.HAL_TIMEx_OnePulseN_Start) for [Anonymous Symbol]
    stm32f1xx_hal_tim_ex.o(.text.HAL_TIMEx_OnePulseN_Stop) refers to stm32f1xx_hal_tim_ex.o(.text.TIM_CCxNChannelCmd) for TIM_CCxNChannelCmd
    stm32f1xx_hal_tim_ex.o(.ARM.exidx.text.HAL_TIMEx_OnePulseN_Stop) refers to stm32f1xx_hal_tim_ex.o(.text.HAL_TIMEx_OnePulseN_Stop) for [Anonymous Symbol]
    stm32f1xx_hal_tim_ex.o(.text.HAL_TIMEx_OnePulseN_Start_IT) refers to stm32f1xx_hal_tim_ex.o(.text.TIM_CCxNChannelCmd) for TIM_CCxNChannelCmd
    stm32f1xx_hal_tim_ex.o(.ARM.exidx.text.HAL_TIMEx_OnePulseN_Start_IT) refers to stm32f1xx_hal_tim_ex.o(.text.HAL_TIMEx_OnePulseN_Start_IT) for [Anonymous Symbol]
    stm32f1xx_hal_tim_ex.o(.text.HAL_TIMEx_OnePulseN_Stop_IT) refers to stm32f1xx_hal_tim_ex.o(.text.TIM_CCxNChannelCmd) for TIM_CCxNChannelCmd
    stm32f1xx_hal_tim_ex.o(.ARM.exidx.text.HAL_TIMEx_OnePulseN_Stop_IT) refers to stm32f1xx_hal_tim_ex.o(.text.HAL_TIMEx_OnePulseN_Stop_IT) for [Anonymous Symbol]
    stm32f1xx_hal_tim_ex.o(.ARM.exidx.text.HAL_TIMEx_ConfigCommutationEvent) refers to stm32f1xx_hal_tim_ex.o(.text.HAL_TIMEx_ConfigCommutationEvent) for [Anonymous Symbol]
    stm32f1xx_hal_tim_ex.o(.ARM.exidx.text.HAL_TIMEx_ConfigCommutationEvent_IT) refers to stm32f1xx_hal_tim_ex.o(.text.HAL_TIMEx_ConfigCommutationEvent_IT) for [Anonymous Symbol]
    stm32f1xx_hal_tim_ex.o(.text.HAL_TIMEx_ConfigCommutationEvent_DMA) refers to stm32f1xx_hal_tim_ex.o(.text.TIMEx_DMACommutationCplt) for TIMEx_DMACommutationCplt
    stm32f1xx_hal_tim_ex.o(.text.HAL_TIMEx_ConfigCommutationEvent_DMA) refers to stm32f1xx_hal_tim.o(.text.TIM_DMAError) for TIM_DMAError
    stm32f1xx_hal_tim_ex.o(.ARM.exidx.text.HAL_TIMEx_ConfigCommutationEvent_DMA) refers to stm32f1xx_hal_tim_ex.o(.text.HAL_TIMEx_ConfigCommutationEvent_DMA) for [Anonymous Symbol]
    stm32f1xx_hal_tim_ex.o(.text.TIMEx_DMACommutationCplt) refers to stm32f1xx_hal_tim_ex.o(.text.HAL_TIMEx_CommutationCallback) for HAL_TIMEx_CommutationCallback
    stm32f1xx_hal_tim_ex.o(.ARM.exidx.text.TIMEx_DMACommutationCplt) refers to stm32f1xx_hal_tim_ex.o(.text.TIMEx_DMACommutationCplt) for [Anonymous Symbol]
    stm32f1xx_hal_tim_ex.o(.ARM.exidx.text.HAL_TIMEx_ConfigBreakDeadTime) refers to stm32f1xx_hal_tim_ex.o(.text.HAL_TIMEx_ConfigBreakDeadTime) for [Anonymous Symbol]
    stm32f1xx_hal_tim_ex.o(.ARM.exidx.text.HAL_TIMEx_MasterConfigSynchronization) refers to stm32f1xx_hal_tim_ex.o(.text.HAL_TIMEx_MasterConfigSynchronization) for [Anonymous Symbol]
    stm32f1xx_hal_tim_ex.o(.ARM.exidx.text.HAL_TIMEx_CommutationCallback) refers to stm32f1xx_hal_tim_ex.o(.text.HAL_TIMEx_CommutationCallback) for [Anonymous Symbol]
    stm32f1xx_hal_tim_ex.o(.ARM.exidx.text.HAL_TIMEx_BreakCallback) refers to stm32f1xx_hal_tim_ex.o(.text.HAL_TIMEx_BreakCallback) for [Anonymous Symbol]
    stm32f1xx_hal_tim_ex.o(.ARM.exidx.text.HAL_TIMEx_HallSensor_GetState) refers to stm32f1xx_hal_tim_ex.o(.text.HAL_TIMEx_HallSensor_GetState) for [Anonymous Symbol]
    stm32f1xx_hal_timebase_rtc_alarm_template.o(.text.HAL_InitTick) refers to stm32f1xx_hal_rcc.o(.text.HAL_RCC_OscConfig) for HAL_RCC_OscConfig
    stm32f1xx_hal_timebase_rtc_alarm_template.o(.text.HAL_InitTick) refers to stm32f1xx_hal_rcc_ex.o(.text.HAL_RCCEx_PeriphCLKConfig) for HAL_RCCEx_PeriphCLKConfig
    stm32f1xx_hal_timebase_rtc_alarm_template.o(.text.HAL_InitTick) refers to stm32f1xx_hal_timebase_rtc_alarm_template.o(.bss.hRTC_Handle) for hRTC_Handle
    stm32f1xx_hal_timebase_rtc_alarm_template.o(.text.HAL_InitTick) refers to stm32f1xx_hal_rcc_ex.o(.text.HAL_RCCEx_GetPeriphCLKFreq) for HAL_RCCEx_GetPeriphCLKFreq
    stm32f1xx_hal_timebase_rtc_alarm_template.o(.text.HAL_InitTick) refers to stm32f1xx_hal_rtc.o(.text.HAL_RTC_Init) for HAL_RTC_Init
    stm32f1xx_hal_timebase_rtc_alarm_template.o(.text.HAL_InitTick) refers to system_stm32f1xx.o(.data.SystemCoreClock) for SystemCoreClock
    stm32f1xx_hal_timebase_rtc_alarm_template.o(.text.HAL_InitTick) refers to stm32f1xx_hal_cortex.o(.text.HAL_NVIC_SetPriority) for HAL_NVIC_SetPriority
    stm32f1xx_hal_timebase_rtc_alarm_template.o(.text.HAL_InitTick) refers to stm32f1xx_hal_cortex.o(.text.HAL_NVIC_EnableIRQ) for HAL_NVIC_EnableIRQ
    stm32f1xx_hal_timebase_rtc_alarm_template.o(.ARM.exidx.text.HAL_InitTick) refers to stm32f1xx_hal_timebase_rtc_alarm_template.o(.text.HAL_InitTick) for [Anonymous Symbol]
    stm32f1xx_hal_timebase_rtc_alarm_template.o(.text.HAL_SuspendTick) refers to stm32f1xx_hal_timebase_rtc_alarm_template.o(.bss.hRTC_Handle) for hRTC_Handle
    stm32f1xx_hal_timebase_rtc_alarm_template.o(.ARM.exidx.text.HAL_SuspendTick) refers to stm32f1xx_hal_timebase_rtc_alarm_template.o(.text.HAL_SuspendTick) for [Anonymous Symbol]
    stm32f1xx_hal_timebase_rtc_alarm_template.o(.text.HAL_ResumeTick) refers to stm32f1xx_hal_timebase_rtc_alarm_template.o(.bss.hRTC_Handle) for hRTC_Handle
    stm32f1xx_hal_timebase_rtc_alarm_template.o(.text.HAL_ResumeTick) refers to system_stm32f1xx.o(.data.SystemCoreClock) for SystemCoreClock
    stm32f1xx_hal_timebase_rtc_alarm_template.o(.ARM.exidx.text.HAL_ResumeTick) refers to stm32f1xx_hal_timebase_rtc_alarm_template.o(.text.HAL_ResumeTick) for [Anonymous Symbol]
    stm32f1xx_hal_timebase_rtc_alarm_template.o(.text.HAL_RTC_AlarmAEventCallback) refers to stm32f1xx_hal.o(.text.HAL_IncTick) for HAL_IncTick
    stm32f1xx_hal_timebase_rtc_alarm_template.o(.text.HAL_RTC_AlarmAEventCallback) refers to system_stm32f1xx.o(.data.SystemCoreClock) for SystemCoreClock
    stm32f1xx_hal_timebase_rtc_alarm_template.o(.ARM.exidx.text.HAL_RTC_AlarmAEventCallback) refers to stm32f1xx_hal_timebase_rtc_alarm_template.o(.text.HAL_RTC_AlarmAEventCallback) for [Anonymous Symbol]
    stm32f1xx_hal_timebase_rtc_alarm_template.o(.text.RTC_Alarm_IRQHandler) refers to stm32f1xx_hal_timebase_rtc_alarm_template.o(.bss.hRTC_Handle) for hRTC_Handle
    stm32f1xx_hal_timebase_rtc_alarm_template.o(.text.RTC_Alarm_IRQHandler) refers to stm32f1xx_hal_rtc.o(.text.HAL_RTC_AlarmIRQHandler) for HAL_RTC_AlarmIRQHandler
    stm32f1xx_hal_timebase_rtc_alarm_template.o(.ARM.exidx.text.RTC_Alarm_IRQHandler) refers to stm32f1xx_hal_timebase_rtc_alarm_template.o(.text.RTC_Alarm_IRQHandler) for [Anonymous Symbol]
    stm32f1xx_hal_timebase_tim_template.o(.text.HAL_InitTick) refers to stm32f1xx_hal_cortex.o(.text.HAL_NVIC_SetPriority) for HAL_NVIC_SetPriority
    stm32f1xx_hal_timebase_tim_template.o(.text.HAL_InitTick) refers to stm32f1xx_hal_cortex.o(.text.HAL_NVIC_EnableIRQ) for HAL_NVIC_EnableIRQ
    stm32f1xx_hal_timebase_tim_template.o(.text.HAL_InitTick) refers to stm32f1xx_hal_rcc.o(.text.HAL_RCC_GetClockConfig) for HAL_RCC_GetClockConfig
    stm32f1xx_hal_timebase_tim_template.o(.text.HAL_InitTick) refers to stm32f1xx_hal_rcc.o(.text.HAL_RCC_GetPCLK1Freq) for HAL_RCC_GetPCLK1Freq
    stm32f1xx_hal_timebase_tim_template.o(.text.HAL_InitTick) refers to stm32f1xx_hal_timebase_tim_template.o(.bss.TimHandle) for TimHandle
    stm32f1xx_hal_timebase_tim_template.o(.text.HAL_InitTick) refers to stm32f1xx_hal_tim.o(.text.HAL_TIM_Base_Init) for HAL_TIM_Base_Init
    stm32f1xx_hal_timebase_tim_template.o(.text.HAL_InitTick) refers to stm32f1xx_hal_tim.o(.text.HAL_TIM_Base_Start_IT) for HAL_TIM_Base_Start_IT
    stm32f1xx_hal_timebase_tim_template.o(.ARM.exidx.text.HAL_InitTick) refers to stm32f1xx_hal_timebase_tim_template.o(.text.HAL_InitTick) for [Anonymous Symbol]
    stm32f1xx_hal_timebase_tim_template.o(.text.HAL_SuspendTick) refers to stm32f1xx_hal_timebase_tim_template.o(.bss.TimHandle) for TimHandle
    stm32f1xx_hal_timebase_tim_template.o(.ARM.exidx.text.HAL_SuspendTick) refers to stm32f1xx_hal_timebase_tim_template.o(.text.HAL_SuspendTick) for [Anonymous Symbol]
    stm32f1xx_hal_timebase_tim_template.o(.text.HAL_ResumeTick) refers to stm32f1xx_hal_timebase_tim_template.o(.bss.TimHandle) for TimHandle
    stm32f1xx_hal_timebase_tim_template.o(.ARM.exidx.text.HAL_ResumeTick) refers to stm32f1xx_hal_timebase_tim_template.o(.text.HAL_ResumeTick) for [Anonymous Symbol]
    stm32f1xx_hal_timebase_tim_template.o(.text.HAL_TIM_PeriodElapsedCallback) refers to stm32f1xx_hal.o(.text.HAL_IncTick) for HAL_IncTick
    stm32f1xx_hal_timebase_tim_template.o(.ARM.exidx.text.HAL_TIM_PeriodElapsedCallback) refers to stm32f1xx_hal_timebase_tim_template.o(.text.HAL_TIM_PeriodElapsedCallback) for [Anonymous Symbol]
    stm32f1xx_hal_timebase_tim_template.o(.text.TIM2_IRQHandler) refers to stm32f1xx_hal_timebase_tim_template.o(.bss.TimHandle) for TimHandle
    stm32f1xx_hal_timebase_tim_template.o(.text.TIM2_IRQHandler) refers to stm32f1xx_hal_tim.o(.text.HAL_TIM_IRQHandler) for HAL_TIM_IRQHandler
    stm32f1xx_hal_timebase_tim_template.o(.ARM.exidx.text.TIM2_IRQHandler) refers to stm32f1xx_hal_timebase_tim_template.o(.text.TIM2_IRQHandler) for [Anonymous Symbol]
    stm32f1xx_hal_uart.o(.text.HAL_UART_Init) refers to stm32f1xx_hal_uart.o(.text.HAL_UART_MspInit) for HAL_UART_MspInit
    stm32f1xx_hal_uart.o(.text.HAL_UART_Init) refers to stm32f1xx_hal_uart.o(.text.UART_SetConfig) for UART_SetConfig
    stm32f1xx_hal_uart.o(.ARM.exidx.text.HAL_UART_Init) refers to stm32f1xx_hal_uart.o(.text.HAL_UART_Init) for [Anonymous Symbol]
    stm32f1xx_hal_uart.o(.ARM.exidx.text.HAL_UART_MspInit) refers to stm32f1xx_hal_uart.o(.text.HAL_UART_MspInit) for [Anonymous Symbol]
    stm32f1xx_hal_uart.o(.text.UART_SetConfig) refers to stm32f1xx_hal_rcc.o(.text.HAL_RCC_GetPCLK1Freq) for HAL_RCC_GetPCLK1Freq
    stm32f1xx_hal_uart.o(.text.UART_SetConfig) refers to stm32f1xx_hal_rcc.o(.text.HAL_RCC_GetPCLK2Freq) for HAL_RCC_GetPCLK2Freq
    stm32f1xx_hal_uart.o(.ARM.exidx.text.UART_SetConfig) refers to stm32f1xx_hal_uart.o(.text.UART_SetConfig) for [Anonymous Symbol]
    stm32f1xx_hal_uart.o(.text.HAL_HalfDuplex_Init) refers to stm32f1xx_hal_uart.o(.text.HAL_UART_MspInit) for HAL_UART_MspInit
    stm32f1xx_hal_uart.o(.text.HAL_HalfDuplex_Init) refers to stm32f1xx_hal_uart.o(.text.UART_SetConfig) for UART_SetConfig
    stm32f1xx_hal_uart.o(.ARM.exidx.text.HAL_HalfDuplex_Init) refers to stm32f1xx_hal_uart.o(.text.HAL_HalfDuplex_Init) for [Anonymous Symbol]
    stm32f1xx_hal_uart.o(.text.HAL_LIN_Init) refers to stm32f1xx_hal_uart.o(.text.HAL_UART_MspInit) for HAL_UART_MspInit
    stm32f1xx_hal_uart.o(.text.HAL_LIN_Init) refers to stm32f1xx_hal_uart.o(.text.UART_SetConfig) for UART_SetConfig
    stm32f1xx_hal_uart.o(.ARM.exidx.text.HAL_LIN_Init) refers to stm32f1xx_hal_uart.o(.text.HAL_LIN_Init) for [Anonymous Symbol]
    stm32f1xx_hal_uart.o(.text.HAL_MultiProcessor_Init) refers to stm32f1xx_hal_uart.o(.text.HAL_UART_MspInit) for HAL_UART_MspInit
    stm32f1xx_hal_uart.o(.text.HAL_MultiProcessor_Init) refers to stm32f1xx_hal_uart.o(.text.UART_SetConfig) for UART_SetConfig
    stm32f1xx_hal_uart.o(.ARM.exidx.text.HAL_MultiProcessor_Init) refers to stm32f1xx_hal_uart.o(.text.HAL_MultiProcessor_Init) for [Anonymous Symbol]
    stm32f1xx_hal_uart.o(.text.HAL_UART_DeInit) refers to stm32f1xx_hal_uart.o(.text.HAL_UART_MspDeInit) for HAL_UART_MspDeInit
    stm32f1xx_hal_uart.o(.ARM.exidx.text.HAL_UART_DeInit) refers to stm32f1xx_hal_uart.o(.text.HAL_UART_DeInit) for [Anonymous Symbol]
    stm32f1xx_hal_uart.o(.ARM.exidx.text.HAL_UART_MspDeInit) refers to stm32f1xx_hal_uart.o(.text.HAL_UART_MspDeInit) for [Anonymous Symbol]
    stm32f1xx_hal_uart.o(.text.HAL_UART_Transmit) refers to stm32f1xx_hal.o(.text.HAL_GetTick) for HAL_GetTick
    stm32f1xx_hal_uart.o(.text.HAL_UART_Transmit) refers to stm32f1xx_hal_uart.o(.text.UART_WaitOnFlagUntilTimeout) for UART_WaitOnFlagUntilTimeout
    stm32f1xx_hal_uart.o(.ARM.exidx.text.HAL_UART_Transmit) refers to stm32f1xx_hal_uart.o(.text.HAL_UART_Transmit) for [Anonymous Symbol]
    stm32f1xx_hal_uart.o(.text.UART_WaitOnFlagUntilTimeout) refers to stm32f1xx_hal.o(.text.HAL_GetTick) for HAL_GetTick
    stm32f1xx_hal_uart.o(.ARM.exidx.text.UART_WaitOnFlagUntilTimeout) refers to stm32f1xx_hal_uart.o(.text.UART_WaitOnFlagUntilTimeout) for [Anonymous Symbol]
    stm32f1xx_hal_uart.o(.text.HAL_UART_Receive) refers to stm32f1xx_hal.o(.text.HAL_GetTick) for HAL_GetTick
    stm32f1xx_hal_uart.o(.text.HAL_UART_Receive) refers to stm32f1xx_hal_uart.o(.text.UART_WaitOnFlagUntilTimeout) for UART_WaitOnFlagUntilTimeout
    stm32f1xx_hal_uart.o(.ARM.exidx.text.HAL_UART_Receive) refers to stm32f1xx_hal_uart.o(.text.HAL_UART_Receive) for [Anonymous Symbol]
    stm32f1xx_hal_uart.o(.ARM.exidx.text.HAL_UART_Transmit_IT) refers to stm32f1xx_hal_uart.o(.text.HAL_UART_Transmit_IT) for [Anonymous Symbol]
    stm32f1xx_hal_uart.o(.ARM.exidx.text.HAL_UART_Receive_IT) refers to stm32f1xx_hal_uart.o(.text.HAL_UART_Receive_IT) for [Anonymous Symbol]
    stm32f1xx_hal_uart.o(.text.HAL_UART_Transmit_DMA) refers to stm32f1xx_hal_uart.o(.text.UART_DMATransmitCplt) for UART_DMATransmitCplt
    stm32f1xx_hal_uart.o(.text.HAL_UART_Transmit_DMA) refers to stm32f1xx_hal_uart.o(.text.UART_DMATxHalfCplt) for UART_DMATxHalfCplt
    stm32f1xx_hal_uart.o(.text.HAL_UART_Transmit_DMA) refers to stm32f1xx_hal_uart.o(.text.UART_DMAError) for UART_DMAError
    stm32f1xx_hal_uart.o(.text.HAL_UART_Transmit_DMA) refers to stm32f1xx_hal_dma.o(.text.HAL_DMA_Start_IT) for HAL_DMA_Start_IT
    stm32f1xx_hal_uart.o(.ARM.exidx.text.HAL_UART_Transmit_DMA) refers to stm32f1xx_hal_uart.o(.text.HAL_UART_Transmit_DMA) for [Anonymous Symbol]
    stm32f1xx_hal_uart.o(.text.UART_DMATransmitCplt) refers to stm32f1xx_hal_uart.o(.text.HAL_UART_TxCpltCallback) for HAL_UART_TxCpltCallback
    stm32f1xx_hal_uart.o(.ARM.exidx.text.UART_DMATransmitCplt) refers to stm32f1xx_hal_uart.o(.text.UART_DMATransmitCplt) for [Anonymous Symbol]
    stm32f1xx_hal_uart.o(.text.UART_DMATxHalfCplt) refers to stm32f1xx_hal_uart.o(.text.HAL_UART_TxHalfCpltCallback) for HAL_UART_TxHalfCpltCallback
    stm32f1xx_hal_uart.o(.ARM.exidx.text.UART_DMATxHalfCplt) refers to stm32f1xx_hal_uart.o(.text.UART_DMATxHalfCplt) for [Anonymous Symbol]
    stm32f1xx_hal_uart.o(.text.UART_DMAError) refers to stm32f1xx_hal_uart.o(.text.UART_EndTxTransfer) for UART_EndTxTransfer
    stm32f1xx_hal_uart.o(.text.UART_DMAError) refers to stm32f1xx_hal_uart.o(.text.UART_EndRxTransfer) for UART_EndRxTransfer
    stm32f1xx_hal_uart.o(.text.UART_DMAError) refers to stm32f1xx_hal_uart.o(.text.HAL_UART_ErrorCallback) for HAL_UART_ErrorCallback
    stm32f1xx_hal_uart.o(.ARM.exidx.text.UART_DMAError) refers to stm32f1xx_hal_uart.o(.text.UART_DMAError) for [Anonymous Symbol]
    stm32f1xx_hal_uart.o(.text.HAL_UART_Receive_DMA) refers to stm32f1xx_hal_uart.o(.text.UART_DMAReceiveCplt) for UART_DMAReceiveCplt
    stm32f1xx_hal_uart.o(.text.HAL_UART_Receive_DMA) refers to stm32f1xx_hal_uart.o(.text.UART_DMARxHalfCplt) for UART_DMARxHalfCplt
    stm32f1xx_hal_uart.o(.text.HAL_UART_Receive_DMA) refers to stm32f1xx_hal_uart.o(.text.UART_DMAError) for UART_DMAError
    stm32f1xx_hal_uart.o(.text.HAL_UART_Receive_DMA) refers to stm32f1xx_hal_dma.o(.text.HAL_DMA_Start_IT) for HAL_DMA_Start_IT
    stm32f1xx_hal_uart.o(.ARM.exidx.text.HAL_UART_Receive_DMA) refers to stm32f1xx_hal_uart.o(.text.HAL_UART_Receive_DMA) for [Anonymous Symbol]
    stm32f1xx_hal_uart.o(.text.UART_DMAReceiveCplt) refers to stm32f1xx_hal_uart.o(.text.HAL_UART_RxCpltCallback) for HAL_UART_RxCpltCallback
    stm32f1xx_hal_uart.o(.ARM.exidx.text.UART_DMAReceiveCplt) refers to stm32f1xx_hal_uart.o(.text.UART_DMAReceiveCplt) for [Anonymous Symbol]
    stm32f1xx_hal_uart.o(.text.UART_DMARxHalfCplt) refers to stm32f1xx_hal_uart.o(.text.HAL_UART_RxHalfCpltCallback) for HAL_UART_RxHalfCpltCallback
    stm32f1xx_hal_uart.o(.ARM.exidx.text.UART_DMARxHalfCplt) refers to stm32f1xx_hal_uart.o(.text.UART_DMARxHalfCplt) for [Anonymous Symbol]
    stm32f1xx_hal_uart.o(.ARM.exidx.text.HAL_UART_DMAPause) refers to stm32f1xx_hal_uart.o(.text.HAL_UART_DMAPause) for [Anonymous Symbol]
    stm32f1xx_hal_uart.o(.ARM.exidx.text.HAL_UART_DMAResume) refers to stm32f1xx_hal_uart.o(.text.HAL_UART_DMAResume) for [Anonymous Symbol]
    stm32f1xx_hal_uart.o(.text.HAL_UART_DMAStop) refers to stm32f1xx_hal_dma.o(.text.HAL_DMA_Abort) for HAL_DMA_Abort
    stm32f1xx_hal_uart.o(.text.HAL_UART_DMAStop) refers to stm32f1xx_hal_uart.o(.text.UART_EndTxTransfer) for UART_EndTxTransfer
    stm32f1xx_hal_uart.o(.text.HAL_UART_DMAStop) refers to stm32f1xx_hal_uart.o(.text.UART_EndRxTransfer) for UART_EndRxTransfer
    stm32f1xx_hal_uart.o(.ARM.exidx.text.HAL_UART_DMAStop) refers to stm32f1xx_hal_uart.o(.text.HAL_UART_DMAStop) for [Anonymous Symbol]
    stm32f1xx_hal_uart.o(.ARM.exidx.text.UART_EndTxTransfer) refers to stm32f1xx_hal_uart.o(.text.UART_EndTxTransfer) for [Anonymous Symbol]
    stm32f1xx_hal_uart.o(.ARM.exidx.text.UART_EndRxTransfer) refers to stm32f1xx_hal_uart.o(.text.UART_EndRxTransfer) for [Anonymous Symbol]
    stm32f1xx_hal_uart.o(.text.HAL_UART_Abort) refers to stm32f1xx_hal_dma.o(.text.HAL_DMA_Abort) for HAL_DMA_Abort
    stm32f1xx_hal_uart.o(.ARM.exidx.text.HAL_UART_Abort) refers to stm32f1xx_hal_uart.o(.text.HAL_UART_Abort) for [Anonymous Symbol]
    stm32f1xx_hal_uart.o(.text.HAL_UART_AbortTransmit) refers to stm32f1xx_hal_dma.o(.text.HAL_DMA_Abort) for HAL_DMA_Abort
    stm32f1xx_hal_uart.o(.ARM.exidx.text.HAL_UART_AbortTransmit) refers to stm32f1xx_hal_uart.o(.text.HAL_UART_AbortTransmit) for [Anonymous Symbol]
    stm32f1xx_hal_uart.o(.text.HAL_UART_AbortReceive) refers to stm32f1xx_hal_dma.o(.text.HAL_DMA_Abort) for HAL_DMA_Abort
    stm32f1xx_hal_uart.o(.ARM.exidx.text.HAL_UART_AbortReceive) refers to stm32f1xx_hal_uart.o(.text.HAL_UART_AbortReceive) for [Anonymous Symbol]
    stm32f1xx_hal_uart.o(.text.HAL_UART_Abort_IT) refers to stm32f1xx_hal_uart.o(.text.UART_DMATxAbortCallback) for UART_DMATxAbortCallback
    stm32f1xx_hal_uart.o(.text.HAL_UART_Abort_IT) refers to stm32f1xx_hal_uart.o(.text.UART_DMARxAbortCallback) for UART_DMARxAbortCallback
    stm32f1xx_hal_uart.o(.text.HAL_UART_Abort_IT) refers to stm32f1xx_hal_dma.o(.text.HAL_DMA_Abort_IT) for HAL_DMA_Abort_IT
    stm32f1xx_hal_uart.o(.text.HAL_UART_Abort_IT) refers to stm32f1xx_hal_uart.o(.text.HAL_UART_AbortCpltCallback) for HAL_UART_AbortCpltCallback
    stm32f1xx_hal_uart.o(.ARM.exidx.text.HAL_UART_Abort_IT) refers to stm32f1xx_hal_uart.o(.text.HAL_UART_Abort_IT) for [Anonymous Symbol]
    stm32f1xx_hal_uart.o(.text.UART_DMATxAbortCallback) refers to stm32f1xx_hal_uart.o(.text.HAL_UART_AbortCpltCallback) for HAL_UART_AbortCpltCallback
    stm32f1xx_hal_uart.o(.ARM.exidx.text.UART_DMATxAbortCallback) refers to stm32f1xx_hal_uart.o(.text.UART_DMATxAbortCallback) for [Anonymous Symbol]
    stm32f1xx_hal_uart.o(.text.UART_DMARxAbortCallback) refers to stm32f1xx_hal_uart.o(.text.HAL_UART_AbortCpltCallback) for HAL_UART_AbortCpltCallback
    stm32f1xx_hal_uart.o(.ARM.exidx.text.UART_DMARxAbortCallback) refers to stm32f1xx_hal_uart.o(.text.UART_DMARxAbortCallback) for [Anonymous Symbol]
    stm32f1xx_hal_uart.o(.ARM.exidx.text.HAL_UART_AbortCpltCallback) refers to stm32f1xx_hal_uart.o(.text.HAL_UART_AbortCpltCallback) for [Anonymous Symbol]
    stm32f1xx_hal_uart.o(.text.HAL_UART_AbortTransmit_IT) refers to stm32f1xx_hal_uart.o(.text.HAL_UART_AbortTransmitCpltCallback) for HAL_UART_AbortTransmitCpltCallback
    stm32f1xx_hal_uart.o(.text.HAL_UART_AbortTransmit_IT) refers to stm32f1xx_hal_uart.o(.text.UART_DMATxOnlyAbortCallback) for UART_DMATxOnlyAbortCallback
    stm32f1xx_hal_uart.o(.text.HAL_UART_AbortTransmit_IT) refers to stm32f1xx_hal_dma.o(.text.HAL_DMA_Abort_IT) for HAL_DMA_Abort_IT
    stm32f1xx_hal_uart.o(.ARM.exidx.text.HAL_UART_AbortTransmit_IT) refers to stm32f1xx_hal_uart.o(.text.HAL_UART_AbortTransmit_IT) for [Anonymous Symbol]
    stm32f1xx_hal_uart.o(.text.UART_DMATxOnlyAbortCallback) refers to stm32f1xx_hal_uart.o(.text.HAL_UART_AbortTransmitCpltCallback) for HAL_UART_AbortTransmitCpltCallback
    stm32f1xx_hal_uart.o(.ARM.exidx.text.UART_DMATxOnlyAbortCallback) refers to stm32f1xx_hal_uart.o(.text.UART_DMATxOnlyAbortCallback) for [Anonymous Symbol]
    stm32f1xx_hal_uart.o(.ARM.exidx.text.HAL_UART_AbortTransmitCpltCallback) refers to stm32f1xx_hal_uart.o(.text.HAL_UART_AbortTransmitCpltCallback) for [Anonymous Symbol]
    stm32f1xx_hal_uart.o(.text.HAL_UART_AbortReceive_IT) refers to stm32f1xx_hal_uart.o(.text.HAL_UART_AbortReceiveCpltCallback) for HAL_UART_AbortReceiveCpltCallback
    stm32f1xx_hal_uart.o(.text.HAL_UART_AbortReceive_IT) refers to stm32f1xx_hal_uart.o(.text.UART_DMARxOnlyAbortCallback) for UART_DMARxOnlyAbortCallback
    stm32f1xx_hal_uart.o(.text.HAL_UART_AbortReceive_IT) refers to stm32f1xx_hal_dma.o(.text.HAL_DMA_Abort_IT) for HAL_DMA_Abort_IT
    stm32f1xx_hal_uart.o(.ARM.exidx.text.HAL_UART_AbortReceive_IT) refers to stm32f1xx_hal_uart.o(.text.HAL_UART_AbortReceive_IT) for [Anonymous Symbol]
    stm32f1xx_hal_uart.o(.text.UART_DMARxOnlyAbortCallback) refers to stm32f1xx_hal_uart.o(.text.HAL_UART_AbortReceiveCpltCallback) for HAL_UART_AbortReceiveCpltCallback
    stm32f1xx_hal_uart.o(.ARM.exidx.text.UART_DMARxOnlyAbortCallback) refers to stm32f1xx_hal_uart.o(.text.UART_DMARxOnlyAbortCallback) for [Anonymous Symbol]
    stm32f1xx_hal_uart.o(.ARM.exidx.text.HAL_UART_AbortReceiveCpltCallback) refers to stm32f1xx_hal_uart.o(.text.HAL_UART_AbortReceiveCpltCallback) for [Anonymous Symbol]
    stm32f1xx_hal_uart.o(.text.HAL_UART_IRQHandler) refers to stm32f1xx_hal_uart.o(.text.UART_Receive_IT) for UART_Receive_IT
    stm32f1xx_hal_uart.o(.text.HAL_UART_IRQHandler) refers to stm32f1xx_hal_uart.o(.text.UART_EndTransmit_IT) for UART_EndTransmit_IT
    stm32f1xx_hal_uart.o(.text.HAL_UART_IRQHandler) refers to stm32f1xx_hal_uart.o(.text.UART_Transmit_IT) for UART_Transmit_IT
    stm32f1xx_hal_uart.o(.text.HAL_UART_IRQHandler) refers to stm32f1xx_hal_uart.o(.text.UART_EndRxTransfer) for UART_EndRxTransfer
    stm32f1xx_hal_uart.o(.text.HAL_UART_IRQHandler) refers to stm32f1xx_hal_uart.o(.text.UART_DMAAbortOnError) for UART_DMAAbortOnError
    stm32f1xx_hal_uart.o(.text.HAL_UART_IRQHandler) refers to stm32f1xx_hal_dma.o(.text.HAL_DMA_Abort_IT) for HAL_DMA_Abort_IT
    stm32f1xx_hal_uart.o(.text.HAL_UART_IRQHandler) refers to stm32f1xx_hal_uart.o(.text.HAL_UART_ErrorCallback) for HAL_UART_ErrorCallback
    stm32f1xx_hal_uart.o(.ARM.exidx.text.HAL_UART_IRQHandler) refers to stm32f1xx_hal_uart.o(.text.HAL_UART_IRQHandler) for [Anonymous Symbol]
    stm32f1xx_hal_uart.o(.text.UART_Receive_IT) refers to stm32f1xx_hal_uart.o(.text.HAL_UART_RxCpltCallback) for HAL_UART_RxCpltCallback
    stm32f1xx_hal_uart.o(.ARM.exidx.text.UART_Receive_IT) refers to stm32f1xx_hal_uart.o(.text.UART_Receive_IT) for [Anonymous Symbol]
    stm32f1xx_hal_uart.o(.text.UART_DMAAbortOnError) refers to stm32f1xx_hal_uart.o(.text.HAL_UART_ErrorCallback) for HAL_UART_ErrorCallback
    stm32f1xx_hal_uart.o(.ARM.exidx.text.UART_DMAAbortOnError) refers to stm32f1xx_hal_uart.o(.text.UART_DMAAbortOnError) for [Anonymous Symbol]
    stm32f1xx_hal_uart.o(.ARM.exidx.text.HAL_UART_ErrorCallback) refers to stm32f1xx_hal_uart.o(.text.HAL_UART_ErrorCallback) for [Anonymous Symbol]
    stm32f1xx_hal_uart.o(.ARM.exidx.text.UART_Transmit_IT) refers to stm32f1xx_hal_uart.o(.text.UART_Transmit_IT) for [Anonymous Symbol]
    stm32f1xx_hal_uart.o(.text.UART_EndTransmit_IT) refers to stm32f1xx_hal_uart.o(.text.HAL_UART_TxCpltCallback) for HAL_UART_TxCpltCallback
    stm32f1xx_hal_uart.o(.ARM.exidx.text.UART_EndTransmit_IT) refers to stm32f1xx_hal_uart.o(.text.UART_EndTransmit_IT) for [Anonymous Symbol]
    stm32f1xx_hal_uart.o(.ARM.exidx.text.HAL_UART_TxCpltCallback) refers to stm32f1xx_hal_uart.o(.text.HAL_UART_TxCpltCallback) for [Anonymous Symbol]
    stm32f1xx_hal_uart.o(.ARM.exidx.text.HAL_UART_TxHalfCpltCallback) refers to stm32f1xx_hal_uart.o(.text.HAL_UART_TxHalfCpltCallback) for [Anonymous Symbol]
    stm32f1xx_hal_uart.o(.ARM.exidx.text.HAL_UART_RxCpltCallback) refers to stm32f1xx_hal_uart.o(.text.HAL_UART_RxCpltCallback) for [Anonymous Symbol]
    stm32f1xx_hal_uart.o(.ARM.exidx.text.HAL_UART_RxHalfCpltCallback) refers to stm32f1xx_hal_uart.o(.text.HAL_UART_RxHalfCpltCallback) for [Anonymous Symbol]
    stm32f1xx_hal_uart.o(.ARM.exidx.text.HAL_LIN_SendBreak) refers to stm32f1xx_hal_uart.o(.text.HAL_LIN_SendBreak) for [Anonymous Symbol]
    stm32f1xx_hal_uart.o(.ARM.exidx.text.HAL_MultiProcessor_EnterMuteMode) refers to stm32f1xx_hal_uart.o(.text.HAL_MultiProcessor_EnterMuteMode) for [Anonymous Symbol]
    stm32f1xx_hal_uart.o(.ARM.exidx.text.HAL_MultiProcessor_ExitMuteMode) refers to stm32f1xx_hal_uart.o(.text.HAL_MultiProcessor_ExitMuteMode) for [Anonymous Symbol]
    stm32f1xx_hal_uart.o(.ARM.exidx.text.HAL_HalfDuplex_EnableTransmitter) refers to stm32f1xx_hal_uart.o(.text.HAL_HalfDuplex_EnableTransmitter) for [Anonymous Symbol]
    stm32f1xx_hal_uart.o(.ARM.exidx.text.HAL_HalfDuplex_EnableReceiver) refers to stm32f1xx_hal_uart.o(.text.HAL_HalfDuplex_EnableReceiver) for [Anonymous Symbol]
    stm32f1xx_hal_uart.o(.ARM.exidx.text.HAL_UART_GetState) refers to stm32f1xx_hal_uart.o(.text.HAL_UART_GetState) for [Anonymous Symbol]
    stm32f1xx_hal_uart.o(.ARM.exidx.text.HAL_UART_GetError) refers to stm32f1xx_hal_uart.o(.text.HAL_UART_GetError) for [Anonymous Symbol]
    stm32f1xx_hal_usart.o(.text.HAL_USART_Init) refers to stm32f1xx_hal_usart.o(.text.HAL_USART_MspInit) for HAL_USART_MspInit
    stm32f1xx_hal_usart.o(.text.HAL_USART_Init) refers to stm32f1xx_hal_usart.o(.text.USART_SetConfig) for USART_SetConfig
    stm32f1xx_hal_usart.o(.ARM.exidx.text.HAL_USART_Init) refers to stm32f1xx_hal_usart.o(.text.HAL_USART_Init) for [Anonymous Symbol]
    stm32f1xx_hal_usart.o(.ARM.exidx.text.HAL_USART_MspInit) refers to stm32f1xx_hal_usart.o(.text.HAL_USART_MspInit) for [Anonymous Symbol]
    stm32f1xx_hal_usart.o(.text.USART_SetConfig) refers to stm32f1xx_hal_rcc.o(.text.HAL_RCC_GetPCLK1Freq) for HAL_RCC_GetPCLK1Freq
    stm32f1xx_hal_usart.o(.text.USART_SetConfig) refers to stm32f1xx_hal_rcc.o(.text.HAL_RCC_GetPCLK2Freq) for HAL_RCC_GetPCLK2Freq
    stm32f1xx_hal_usart.o(.ARM.exidx.text.USART_SetConfig) refers to stm32f1xx_hal_usart.o(.text.USART_SetConfig) for [Anonymous Symbol]
    stm32f1xx_hal_usart.o(.text.HAL_USART_DeInit) refers to stm32f1xx_hal_usart.o(.text.HAL_USART_MspDeInit) for HAL_USART_MspDeInit
    stm32f1xx_hal_usart.o(.ARM.exidx.text.HAL_USART_DeInit) refers to stm32f1xx_hal_usart.o(.text.HAL_USART_DeInit) for [Anonymous Symbol]
    stm32f1xx_hal_usart.o(.ARM.exidx.text.HAL_USART_MspDeInit) refers to stm32f1xx_hal_usart.o(.text.HAL_USART_MspDeInit) for [Anonymous Symbol]
    stm32f1xx_hal_usart.o(.text.HAL_USART_Transmit) refers to stm32f1xx_hal.o(.text.HAL_GetTick) for HAL_GetTick
    stm32f1xx_hal_usart.o(.text.HAL_USART_Transmit) refers to stm32f1xx_hal_usart.o(.text.USART_WaitOnFlagUntilTimeout) for USART_WaitOnFlagUntilTimeout
    stm32f1xx_hal_usart.o(.ARM.exidx.text.HAL_USART_Transmit) refers to stm32f1xx_hal_usart.o(.text.HAL_USART_Transmit) for [Anonymous Symbol]
    stm32f1xx_hal_usart.o(.text.USART_WaitOnFlagUntilTimeout) refers to stm32f1xx_hal.o(.text.HAL_GetTick) for HAL_GetTick
    stm32f1xx_hal_usart.o(.ARM.exidx.text.USART_WaitOnFlagUntilTimeout) refers to stm32f1xx_hal_usart.o(.text.USART_WaitOnFlagUntilTimeout) for [Anonymous Symbol]
    stm32f1xx_hal_usart.o(.text.HAL_USART_Receive) refers to stm32f1xx_hal.o(.text.HAL_GetTick) for HAL_GetTick
    stm32f1xx_hal_usart.o(.text.HAL_USART_Receive) refers to stm32f1xx_hal_usart.o(.text.USART_WaitOnFlagUntilTimeout) for USART_WaitOnFlagUntilTimeout
    stm32f1xx_hal_usart.o(.ARM.exidx.text.HAL_USART_Receive) refers to stm32f1xx_hal_usart.o(.text.HAL_USART_Receive) for [Anonymous Symbol]
    stm32f1xx_hal_usart.o(.text.HAL_USART_TransmitReceive) refers to stm32f1xx_hal.o(.text.HAL_GetTick) for HAL_GetTick
    stm32f1xx_hal_usart.o(.text.HAL_USART_TransmitReceive) refers to stm32f1xx_hal_usart.o(.text.USART_WaitOnFlagUntilTimeout) for USART_WaitOnFlagUntilTimeout
    stm32f1xx_hal_usart.o(.ARM.exidx.text.HAL_USART_TransmitReceive) refers to stm32f1xx_hal_usart.o(.text.HAL_USART_TransmitReceive) for [Anonymous Symbol]
    stm32f1xx_hal_usart.o(.ARM.exidx.text.HAL_USART_Transmit_IT) refers to stm32f1xx_hal_usart.o(.text.HAL_USART_Transmit_IT) for [Anonymous Symbol]
    stm32f1xx_hal_usart.o(.ARM.exidx.text.HAL_USART_Receive_IT) refers to stm32f1xx_hal_usart.o(.text.HAL_USART_Receive_IT) for [Anonymous Symbol]
    stm32f1xx_hal_usart.o(.ARM.exidx.text.HAL_USART_TransmitReceive_IT) refers to stm32f1xx_hal_usart.o(.text.HAL_USART_TransmitReceive_IT) for [Anonymous Symbol]
    stm32f1xx_hal_usart.o(.text.HAL_USART_Transmit_DMA) refers to stm32f1xx_hal_usart.o(.text.USART_DMATransmitCplt) for USART_DMATransmitCplt
    stm32f1xx_hal_usart.o(.text.HAL_USART_Transmit_DMA) refers to stm32f1xx_hal_usart.o(.text.USART_DMATxHalfCplt) for USART_DMATxHalfCplt
    stm32f1xx_hal_usart.o(.text.HAL_USART_Transmit_DMA) refers to stm32f1xx_hal_usart.o(.text.USART_DMAError) for USART_DMAError
    stm32f1xx_hal_usart.o(.text.HAL_USART_Transmit_DMA) refers to stm32f1xx_hal_dma.o(.text.HAL_DMA_Start_IT) for HAL_DMA_Start_IT
    stm32f1xx_hal_usart.o(.ARM.exidx.text.HAL_USART_Transmit_DMA) refers to stm32f1xx_hal_usart.o(.text.HAL_USART_Transmit_DMA) for [Anonymous Symbol]
    stm32f1xx_hal_usart.o(.text.USART_DMATransmitCplt) refers to stm32f1xx_hal_usart.o(.text.HAL_USART_TxCpltCallback) for HAL_USART_TxCpltCallback
    stm32f1xx_hal_usart.o(.ARM.exidx.text.USART_DMATransmitCplt) refers to stm32f1xx_hal_usart.o(.text.USART_DMATransmitCplt) for [Anonymous Symbol]
    stm32f1xx_hal_usart.o(.text.USART_DMATxHalfCplt) refers to stm32f1xx_hal_usart.o(.text.HAL_USART_TxHalfCpltCallback) for HAL_USART_TxHalfCpltCallback
    stm32f1xx_hal_usart.o(.ARM.exidx.text.USART_DMATxHalfCplt) refers to stm32f1xx_hal_usart.o(.text.USART_DMATxHalfCplt) for [Anonymous Symbol]
    stm32f1xx_hal_usart.o(.text.USART_DMAError) refers to stm32f1xx_hal_usart.o(.text.USART_EndTxTransfer) for USART_EndTxTransfer
    stm32f1xx_hal_usart.o(.text.USART_DMAError) refers to stm32f1xx_hal_usart.o(.text.USART_EndRxTransfer) for USART_EndRxTransfer
    stm32f1xx_hal_usart.o(.text.USART_DMAError) refers to stm32f1xx_hal_usart.o(.text.HAL_USART_ErrorCallback) for HAL_USART_ErrorCallback
    stm32f1xx_hal_usart.o(.ARM.exidx.text.USART_DMAError) refers to stm32f1xx_hal_usart.o(.text.USART_DMAError) for [Anonymous Symbol]
    stm32f1xx_hal_usart.o(.text.HAL_USART_Receive_DMA) refers to stm32f1xx_hal_usart.o(.text.USART_DMAReceiveCplt) for USART_DMAReceiveCplt
    stm32f1xx_hal_usart.o(.text.HAL_USART_Receive_DMA) refers to stm32f1xx_hal_usart.o(.text.USART_DMARxHalfCplt) for USART_DMARxHalfCplt
    stm32f1xx_hal_usart.o(.text.HAL_USART_Receive_DMA) refers to stm32f1xx_hal_usart.o(.text.USART_DMAError) for USART_DMAError
    stm32f1xx_hal_usart.o(.text.HAL_USART_Receive_DMA) refers to stm32f1xx_hal_dma.o(.text.HAL_DMA_Start_IT) for HAL_DMA_Start_IT
    stm32f1xx_hal_usart.o(.ARM.exidx.text.HAL_USART_Receive_DMA) refers to stm32f1xx_hal_usart.o(.text.HAL_USART_Receive_DMA) for [Anonymous Symbol]
    stm32f1xx_hal_usart.o(.text.USART_DMAReceiveCplt) refers to stm32f1xx_hal_usart.o(.text.HAL_USART_RxCpltCallback) for HAL_USART_RxCpltCallback
    stm32f1xx_hal_usart.o(.text.USART_DMAReceiveCplt) refers to stm32f1xx_hal_usart.o(.text.HAL_USART_TxRxCpltCallback) for HAL_USART_TxRxCpltCallback
    stm32f1xx_hal_usart.o(.ARM.exidx.text.USART_DMAReceiveCplt) refers to stm32f1xx_hal_usart.o(.text.USART_DMAReceiveCplt) for [Anonymous Symbol]
    stm32f1xx_hal_usart.o(.text.USART_DMARxHalfCplt) refers to stm32f1xx_hal_usart.o(.text.HAL_USART_RxHalfCpltCallback) for HAL_USART_RxHalfCpltCallback
    stm32f1xx_hal_usart.o(.ARM.exidx.text.USART_DMARxHalfCplt) refers to stm32f1xx_hal_usart.o(.text.USART_DMARxHalfCplt) for [Anonymous Symbol]
    stm32f1xx_hal_usart.o(.text.HAL_USART_TransmitReceive_DMA) refers to stm32f1xx_hal_usart.o(.text.USART_DMAReceiveCplt) for USART_DMAReceiveCplt
    stm32f1xx_hal_usart.o(.text.HAL_USART_TransmitReceive_DMA) refers to stm32f1xx_hal_usart.o(.text.USART_DMARxHalfCplt) for USART_DMARxHalfCplt
    stm32f1xx_hal_usart.o(.text.HAL_USART_TransmitReceive_DMA) refers to stm32f1xx_hal_usart.o(.text.USART_DMATransmitCplt) for USART_DMATransmitCplt
    stm32f1xx_hal_usart.o(.text.HAL_USART_TransmitReceive_DMA) refers to stm32f1xx_hal_usart.o(.text.USART_DMATxHalfCplt) for USART_DMATxHalfCplt
    stm32f1xx_hal_usart.o(.text.HAL_USART_TransmitReceive_DMA) refers to stm32f1xx_hal_usart.o(.text.USART_DMAError) for USART_DMAError
    stm32f1xx_hal_usart.o(.text.HAL_USART_TransmitReceive_DMA) refers to stm32f1xx_hal_dma.o(.text.HAL_DMA_Start_IT) for HAL_DMA_Start_IT
    stm32f1xx_hal_usart.o(.ARM.exidx.text.HAL_USART_TransmitReceive_DMA) refers to stm32f1xx_hal_usart.o(.text.HAL_USART_TransmitReceive_DMA) for [Anonymous Symbol]
    stm32f1xx_hal_usart.o(.ARM.exidx.text.HAL_USART_DMAPause) refers to stm32f1xx_hal_usart.o(.text.HAL_USART_DMAPause) for [Anonymous Symbol]
    stm32f1xx_hal_usart.o(.ARM.exidx.text.HAL_USART_DMAResume) refers to stm32f1xx_hal_usart.o(.text.HAL_USART_DMAResume) for [Anonymous Symbol]
    stm32f1xx_hal_usart.o(.text.HAL_USART_DMAStop) refers to stm32f1xx_hal_usart.o(.text.USART_EndTxTransfer) for USART_EndTxTransfer
    stm32f1xx_hal_usart.o(.text.HAL_USART_DMAStop) refers to stm32f1xx_hal_dma.o(.text.HAL_DMA_Abort) for HAL_DMA_Abort
    stm32f1xx_hal_usart.o(.text.HAL_USART_DMAStop) refers to stm32f1xx_hal_usart.o(.text.USART_EndRxTransfer) for USART_EndRxTransfer
    stm32f1xx_hal_usart.o(.ARM.exidx.text.HAL_USART_DMAStop) refers to stm32f1xx_hal_usart.o(.text.HAL_USART_DMAStop) for [Anonymous Symbol]
    stm32f1xx_hal_usart.o(.ARM.exidx.text.USART_EndTxTransfer) refers to stm32f1xx_hal_usart.o(.text.USART_EndTxTransfer) for [Anonymous Symbol]
    stm32f1xx_hal_usart.o(.ARM.exidx.text.USART_EndRxTransfer) refers to stm32f1xx_hal_usart.o(.text.USART_EndRxTransfer) for [Anonymous Symbol]
    stm32f1xx_hal_usart.o(.text.HAL_USART_Abort) refers to stm32f1xx_hal_dma.o(.text.HAL_DMA_Abort) for HAL_DMA_Abort
    stm32f1xx_hal_usart.o(.ARM.exidx.text.HAL_USART_Abort) refers to stm32f1xx_hal_usart.o(.text.HAL_USART_Abort) for [Anonymous Symbol]
    stm32f1xx_hal_usart.o(.text.HAL_USART_Abort_IT) refers to stm32f1xx_hal_usart.o(.text.USART_DMATxAbortCallback) for USART_DMATxAbortCallback
    stm32f1xx_hal_usart.o(.text.HAL_USART_Abort_IT) refers to stm32f1xx_hal_usart.o(.text.USART_DMARxAbortCallback) for USART_DMARxAbortCallback
    stm32f1xx_hal_usart.o(.text.HAL_USART_Abort_IT) refers to stm32f1xx_hal_dma.o(.text.HAL_DMA_Abort_IT) for HAL_DMA_Abort_IT
    stm32f1xx_hal_usart.o(.text.HAL_USART_Abort_IT) refers to stm32f1xx_hal_usart.o(.text.HAL_USART_AbortCpltCallback) for HAL_USART_AbortCpltCallback
    stm32f1xx_hal_usart.o(.ARM.exidx.text.HAL_USART_Abort_IT) refers to stm32f1xx_hal_usart.o(.text.HAL_USART_Abort_IT) for [Anonymous Symbol]
    stm32f1xx_hal_usart.o(.text.USART_DMATxAbortCallback) refers to stm32f1xx_hal_usart.o(.text.HAL_USART_AbortCpltCallback) for HAL_USART_AbortCpltCallback
    stm32f1xx_hal_usart.o(.ARM.exidx.text.USART_DMATxAbortCallback) refers to stm32f1xx_hal_usart.o(.text.USART_DMATxAbortCallback) for [Anonymous Symbol]
    stm32f1xx_hal_usart.o(.text.USART_DMARxAbortCallback) refers to stm32f1xx_hal_usart.o(.text.HAL_USART_AbortCpltCallback) for HAL_USART_AbortCpltCallback
    stm32f1xx_hal_usart.o(.ARM.exidx.text.USART_DMARxAbortCallback) refers to stm32f1xx_hal_usart.o(.text.USART_DMARxAbortCallback) for [Anonymous Symbol]
    stm32f1xx_hal_usart.o(.ARM.exidx.text.HAL_USART_AbortCpltCallback) refers to stm32f1xx_hal_usart.o(.text.HAL_USART_AbortCpltCallback) for [Anonymous Symbol]
    stm32f1xx_hal_usart.o(.text.HAL_USART_IRQHandler) refers to stm32f1xx_hal_usart.o(.text.USART_Receive_IT) for USART_Receive_IT
    stm32f1xx_hal_usart.o(.text.HAL_USART_IRQHandler) refers to stm32f1xx_hal_usart.o(.text.USART_EndTransmit_IT) for USART_EndTransmit_IT
    stm32f1xx_hal_usart.o(.text.HAL_USART_IRQHandler) refers to stm32f1xx_hal_usart.o(.text.USART_Transmit_IT) for USART_Transmit_IT
    stm32f1xx_hal_usart.o(.text.HAL_USART_IRQHandler) refers to stm32f1xx_hal_usart.o(.text.USART_TransmitReceive_IT) for USART_TransmitReceive_IT
    stm32f1xx_hal_usart.o(.text.HAL_USART_IRQHandler) refers to stm32f1xx_hal_usart.o(.text.USART_EndRxTransfer) for USART_EndRxTransfer
    stm32f1xx_hal_usart.o(.text.HAL_USART_IRQHandler) refers to stm32f1xx_hal_usart.o(.text.USART_DMAAbortOnError) for USART_DMAAbortOnError
    stm32f1xx_hal_usart.o(.text.HAL_USART_IRQHandler) refers to stm32f1xx_hal_dma.o(.text.HAL_DMA_Abort_IT) for HAL_DMA_Abort_IT
    stm32f1xx_hal_usart.o(.text.HAL_USART_IRQHandler) refers to stm32f1xx_hal_usart.o(.text.HAL_USART_ErrorCallback) for HAL_USART_ErrorCallback
    stm32f1xx_hal_usart.o(.ARM.exidx.text.HAL_USART_IRQHandler) refers to stm32f1xx_hal_usart.o(.text.HAL_USART_IRQHandler) for [Anonymous Symbol]
    stm32f1xx_hal_usart.o(.text.USART_Receive_IT) refers to stm32f1xx_hal_usart.o(.text.HAL_USART_RxCpltCallback) for HAL_USART_RxCpltCallback
    stm32f1xx_hal_usart.o(.ARM.exidx.text.USART_Receive_IT) refers to stm32f1xx_hal_usart.o(.text.USART_Receive_IT) for [Anonymous Symbol]
    stm32f1xx_hal_usart.o(.text.USART_TransmitReceive_IT) refers to stm32f1xx_hal_usart.o(.text.HAL_USART_TxRxCpltCallback) for HAL_USART_TxRxCpltCallback
    stm32f1xx_hal_usart.o(.ARM.exidx.text.USART_TransmitReceive_IT) refers to stm32f1xx_hal_usart.o(.text.USART_TransmitReceive_IT) for [Anonymous Symbol]
    stm32f1xx_hal_usart.o(.text.USART_DMAAbortOnError) refers to stm32f1xx_hal_usart.o(.text.HAL_USART_ErrorCallback) for HAL_USART_ErrorCallback
    stm32f1xx_hal_usart.o(.ARM.exidx.text.USART_DMAAbortOnError) refers to stm32f1xx_hal_usart.o(.text.USART_DMAAbortOnError) for [Anonymous Symbol]
    stm32f1xx_hal_usart.o(.ARM.exidx.text.HAL_USART_ErrorCallback) refers to stm32f1xx_hal_usart.o(.text.HAL_USART_ErrorCallback) for [Anonymous Symbol]
    stm32f1xx_hal_usart.o(.ARM.exidx.text.USART_Transmit_IT) refers to stm32f1xx_hal_usart.o(.text.USART_Transmit_IT) for [Anonymous Symbol]
    stm32f1xx_hal_usart.o(.text.USART_EndTransmit_IT) refers to stm32f1xx_hal_usart.o(.text.HAL_USART_TxCpltCallback) for HAL_USART_TxCpltCallback
    stm32f1xx_hal_usart.o(.ARM.exidx.text.USART_EndTransmit_IT) refers to stm32f1xx_hal_usart.o(.text.USART_EndTransmit_IT) for [Anonymous Symbol]
    stm32f1xx_hal_usart.o(.ARM.exidx.text.HAL_USART_TxCpltCallback) refers to stm32f1xx_hal_usart.o(.text.HAL_USART_TxCpltCallback) for [Anonymous Symbol]
    stm32f1xx_hal_usart.o(.ARM.exidx.text.HAL_USART_TxHalfCpltCallback) refers to stm32f1xx_hal_usart.o(.text.HAL_USART_TxHalfCpltCallback) for [Anonymous Symbol]
    stm32f1xx_hal_usart.o(.ARM.exidx.text.HAL_USART_RxCpltCallback) refers to stm32f1xx_hal_usart.o(.text.HAL_USART_RxCpltCallback) for [Anonymous Symbol]
    stm32f1xx_hal_usart.o(.ARM.exidx.text.HAL_USART_RxHalfCpltCallback) refers to stm32f1xx_hal_usart.o(.text.HAL_USART_RxHalfCpltCallback) for [Anonymous Symbol]
    stm32f1xx_hal_usart.o(.ARM.exidx.text.HAL_USART_TxRxCpltCallback) refers to stm32f1xx_hal_usart.o(.text.HAL_USART_TxRxCpltCallback) for [Anonymous Symbol]
    stm32f1xx_hal_usart.o(.ARM.exidx.text.HAL_USART_GetState) refers to stm32f1xx_hal_usart.o(.text.HAL_USART_GetState) for [Anonymous Symbol]
    stm32f1xx_hal_usart.o(.ARM.exidx.text.HAL_USART_GetError) refers to stm32f1xx_hal_usart.o(.text.HAL_USART_GetError) for [Anonymous Symbol]
    stm32f1xx_hal_wwdg.o(.text.HAL_WWDG_Init) refers to stm32f1xx_hal_wwdg.o(.text.HAL_WWDG_MspInit) for HAL_WWDG_MspInit
    stm32f1xx_hal_wwdg.o(.ARM.exidx.text.HAL_WWDG_Init) refers to stm32f1xx_hal_wwdg.o(.text.HAL_WWDG_Init) for [Anonymous Symbol]
    stm32f1xx_hal_wwdg.o(.ARM.exidx.text.HAL_WWDG_MspInit) refers to stm32f1xx_hal_wwdg.o(.text.HAL_WWDG_MspInit) for [Anonymous Symbol]
    stm32f1xx_hal_wwdg.o(.ARM.exidx.text.HAL_WWDG_Refresh) refers to stm32f1xx_hal_wwdg.o(.text.HAL_WWDG_Refresh) for [Anonymous Symbol]
    stm32f1xx_hal_wwdg.o(.text.HAL_WWDG_IRQHandler) refers to stm32f1xx_hal_wwdg.o(.text.HAL_WWDG_EarlyWakeupCallback) for HAL_WWDG_EarlyWakeupCallback
    stm32f1xx_hal_wwdg.o(.ARM.exidx.text.HAL_WWDG_IRQHandler) refers to stm32f1xx_hal_wwdg.o(.text.HAL_WWDG_IRQHandler) for [Anonymous Symbol]
    stm32f1xx_hal_wwdg.o(.ARM.exidx.text.HAL_WWDG_EarlyWakeupCallback) refers to stm32f1xx_hal_wwdg.o(.text.HAL_WWDG_EarlyWakeupCallback) for [Anonymous Symbol]
    stm32f1xx_ll_fsmc.o(.ARM.exidx.text.FSMC_NORSRAM_Init) refers to stm32f1xx_ll_fsmc.o(.text.FSMC_NORSRAM_Init) for [Anonymous Symbol]
    stm32f1xx_ll_fsmc.o(.ARM.exidx.text.FSMC_NORSRAM_DeInit) refers to stm32f1xx_ll_fsmc.o(.text.FSMC_NORSRAM_DeInit) for [Anonymous Symbol]
    stm32f1xx_ll_fsmc.o(.ARM.exidx.text.FSMC_NORSRAM_Timing_Init) refers to stm32f1xx_ll_fsmc.o(.text.FSMC_NORSRAM_Timing_Init) for [Anonymous Symbol]
    stm32f1xx_ll_fsmc.o(.ARM.exidx.text.FSMC_NORSRAM_Extended_Timing_Init) refers to stm32f1xx_ll_fsmc.o(.text.FSMC_NORSRAM_Extended_Timing_Init) for [Anonymous Symbol]
    stm32f1xx_ll_fsmc.o(.ARM.exidx.text.FSMC_NORSRAM_WriteOperation_Enable) refers to stm32f1xx_ll_fsmc.o(.text.FSMC_NORSRAM_WriteOperation_Enable) for [Anonymous Symbol]
    stm32f1xx_ll_fsmc.o(.ARM.exidx.text.FSMC_NORSRAM_WriteOperation_Disable) refers to stm32f1xx_ll_fsmc.o(.text.FSMC_NORSRAM_WriteOperation_Disable) for [Anonymous Symbol]
    stm32f1xx_ll_fsmc.o(.ARM.exidx.text.FSMC_NAND_Init) refers to stm32f1xx_ll_fsmc.o(.text.FSMC_NAND_Init) for [Anonymous Symbol]
    stm32f1xx_ll_fsmc.o(.ARM.exidx.text.FSMC_NAND_CommonSpace_Timing_Init) refers to stm32f1xx_ll_fsmc.o(.text.FSMC_NAND_CommonSpace_Timing_Init) for [Anonymous Symbol]
    stm32f1xx_ll_fsmc.o(.ARM.exidx.text.FSMC_NAND_AttributeSpace_Timing_Init) refers to stm32f1xx_ll_fsmc.o(.text.FSMC_NAND_AttributeSpace_Timing_Init) for [Anonymous Symbol]
    stm32f1xx_ll_fsmc.o(.ARM.exidx.text.FSMC_NAND_DeInit) refers to stm32f1xx_ll_fsmc.o(.text.FSMC_NAND_DeInit) for [Anonymous Symbol]
    stm32f1xx_ll_fsmc.o(.ARM.exidx.text.FSMC_NAND_ECC_Enable) refers to stm32f1xx_ll_fsmc.o(.text.FSMC_NAND_ECC_Enable) for [Anonymous Symbol]
    stm32f1xx_ll_fsmc.o(.ARM.exidx.text.FSMC_NAND_ECC_Disable) refers to stm32f1xx_ll_fsmc.o(.text.FSMC_NAND_ECC_Disable) for [Anonymous Symbol]
    stm32f1xx_ll_fsmc.o(.text.FSMC_NAND_GetECC) refers to stm32f1xx_hal.o(.text.HAL_GetTick) for HAL_GetTick
    stm32f1xx_ll_fsmc.o(.ARM.exidx.text.FSMC_NAND_GetECC) refers to stm32f1xx_ll_fsmc.o(.text.FSMC_NAND_GetECC) for [Anonymous Symbol]
    stm32f1xx_ll_fsmc.o(.ARM.exidx.text.FSMC_PCCARD_Init) refers to stm32f1xx_ll_fsmc.o(.text.FSMC_PCCARD_Init) for [Anonymous Symbol]
    stm32f1xx_ll_fsmc.o(.ARM.exidx.text.FSMC_PCCARD_CommonSpace_Timing_Init) refers to stm32f1xx_ll_fsmc.o(.text.FSMC_PCCARD_CommonSpace_Timing_Init) for [Anonymous Symbol]
    stm32f1xx_ll_fsmc.o(.ARM.exidx.text.FSMC_PCCARD_AttributeSpace_Timing_Init) refers to stm32f1xx_ll_fsmc.o(.text.FSMC_PCCARD_AttributeSpace_Timing_Init) for [Anonymous Symbol]
    stm32f1xx_ll_fsmc.o(.ARM.exidx.text.FSMC_PCCARD_IOSpace_Timing_Init) refers to stm32f1xx_ll_fsmc.o(.text.FSMC_PCCARD_IOSpace_Timing_Init) for [Anonymous Symbol]
    stm32f1xx_ll_fsmc.o(.ARM.exidx.text.FSMC_PCCARD_DeInit) refers to stm32f1xx_ll_fsmc.o(.text.FSMC_PCCARD_DeInit) for [Anonymous Symbol]
    stm32f1xx_ll_sdmmc.o(.ARM.exidx.text.SDIO_Init) refers to stm32f1xx_ll_sdmmc.o(.text.SDIO_Init) for [Anonymous Symbol]
    stm32f1xx_ll_sdmmc.o(.ARM.exidx.text.SDIO_ReadFIFO) refers to stm32f1xx_ll_sdmmc.o(.text.SDIO_ReadFIFO) for [Anonymous Symbol]
    stm32f1xx_ll_sdmmc.o(.ARM.exidx.text.SDIO_WriteFIFO) refers to stm32f1xx_ll_sdmmc.o(.text.SDIO_WriteFIFO) for [Anonymous Symbol]
    stm32f1xx_ll_sdmmc.o(.ARM.exidx.text.SDIO_PowerState_ON) refers to stm32f1xx_ll_sdmmc.o(.text.SDIO_PowerState_ON) for [Anonymous Symbol]
    stm32f1xx_ll_sdmmc.o(.ARM.exidx.text.SDIO_PowerState_OFF) refers to stm32f1xx_ll_sdmmc.o(.text.SDIO_PowerState_OFF) for [Anonymous Symbol]
    stm32f1xx_ll_sdmmc.o(.ARM.exidx.text.SDIO_GetPowerState) refers to stm32f1xx_ll_sdmmc.o(.text.SDIO_GetPowerState) for [Anonymous Symbol]
    stm32f1xx_ll_sdmmc.o(.ARM.exidx.text.SDIO_SendCommand) refers to stm32f1xx_ll_sdmmc.o(.text.SDIO_SendCommand) for [Anonymous Symbol]
    stm32f1xx_ll_sdmmc.o(.ARM.exidx.text.SDIO_GetCommandResponse) refers to stm32f1xx_ll_sdmmc.o(.text.SDIO_GetCommandResponse) for [Anonymous Symbol]
    stm32f1xx_ll_sdmmc.o(.ARM.exidx.text.SDIO_GetResponse) refers to stm32f1xx_ll_sdmmc.o(.text.SDIO_GetResponse) for [Anonymous Symbol]
    stm32f1xx_ll_sdmmc.o(.ARM.exidx.text.SDIO_ConfigData) refers to stm32f1xx_ll_sdmmc.o(.text.SDIO_ConfigData) for [Anonymous Symbol]
    stm32f1xx_ll_sdmmc.o(.ARM.exidx.text.SDIO_GetDataCounter) refers to stm32f1xx_ll_sdmmc.o(.text.SDIO_GetDataCounter) for [Anonymous Symbol]
    stm32f1xx_ll_sdmmc.o(.ARM.exidx.text.SDIO_GetFIFOCount) refers to stm32f1xx_ll_sdmmc.o(.text.SDIO_GetFIFOCount) for [Anonymous Symbol]
    stm32f1xx_ll_sdmmc.o(.ARM.exidx.text.SDIO_SetSDMMCReadWaitMode) refers to stm32f1xx_ll_sdmmc.o(.text.SDIO_SetSDMMCReadWaitMode) for [Anonymous Symbol]
    stm32f1xx_ll_sdmmc.o(.text.SDMMC_CmdBlockLength) refers to stm32f1xx_ll_sdmmc.o(.text.SDIO_SendCommand) for SDIO_SendCommand
    stm32f1xx_ll_sdmmc.o(.text.SDMMC_CmdBlockLength) refers to stm32f1xx_ll_sdmmc.o(.text.SDMMC_GetCmdResp1) for SDMMC_GetCmdResp1
    stm32f1xx_ll_sdmmc.o(.ARM.exidx.text.SDMMC_CmdBlockLength) refers to stm32f1xx_ll_sdmmc.o(.text.SDMMC_CmdBlockLength) for [Anonymous Symbol]
    stm32f1xx_ll_sdmmc.o(.text.SDMMC_GetCmdResp1) refers to system_stm32f1xx.o(.data.SystemCoreClock) for SystemCoreClock
    stm32f1xx_ll_sdmmc.o(.text.SDMMC_GetCmdResp1) refers to stm32f1xx_ll_sdmmc.o(.text.SDIO_GetCommandResponse) for SDIO_GetCommandResponse
    stm32f1xx_ll_sdmmc.o(.text.SDMMC_GetCmdResp1) refers to stm32f1xx_ll_sdmmc.o(.text.SDIO_GetResponse) for SDIO_GetResponse
    stm32f1xx_ll_sdmmc.o(.ARM.exidx.text.SDMMC_GetCmdResp1) refers to stm32f1xx_ll_sdmmc.o(.text.SDMMC_GetCmdResp1) for [Anonymous Symbol]
    stm32f1xx_ll_sdmmc.o(.text.SDMMC_CmdReadSingleBlock) refers to stm32f1xx_ll_sdmmc.o(.text.SDIO_SendCommand) for SDIO_SendCommand
    stm32f1xx_ll_sdmmc.o(.text.SDMMC_CmdReadSingleBlock) refers to stm32f1xx_ll_sdmmc.o(.text.SDMMC_GetCmdResp1) for SDMMC_GetCmdResp1
    stm32f1xx_ll_sdmmc.o(.ARM.exidx.text.SDMMC_CmdReadSingleBlock) refers to stm32f1xx_ll_sdmmc.o(.text.SDMMC_CmdReadSingleBlock) for [Anonymous Symbol]
    stm32f1xx_ll_sdmmc.o(.text.SDMMC_CmdReadMultiBlock) refers to stm32f1xx_ll_sdmmc.o(.text.SDIO_SendCommand) for SDIO_SendCommand
    stm32f1xx_ll_sdmmc.o(.text.SDMMC_CmdReadMultiBlock) refers to stm32f1xx_ll_sdmmc.o(.text.SDMMC_GetCmdResp1) for SDMMC_GetCmdResp1
    stm32f1xx_ll_sdmmc.o(.ARM.exidx.text.SDMMC_CmdReadMultiBlock) refers to stm32f1xx_ll_sdmmc.o(.text.SDMMC_CmdReadMultiBlock) for [Anonymous Symbol]
    stm32f1xx_ll_sdmmc.o(.text.SDMMC_CmdWriteSingleBlock) refers to stm32f1xx_ll_sdmmc.o(.text.SDIO_SendCommand) for SDIO_SendCommand
    stm32f1xx_ll_sdmmc.o(.text.SDMMC_CmdWriteSingleBlock) refers to stm32f1xx_ll_sdmmc.o(.text.SDMMC_GetCmdResp1) for SDMMC_GetCmdResp1
    stm32f1xx_ll_sdmmc.o(.ARM.exidx.text.SDMMC_CmdWriteSingleBlock) refers to stm32f1xx_ll_sdmmc.o(.text.SDMMC_CmdWriteSingleBlock) for [Anonymous Symbol]
    stm32f1xx_ll_sdmmc.o(.text.SDMMC_CmdWriteMultiBlock) refers to stm32f1xx_ll_sdmmc.o(.text.SDIO_SendCommand) for SDIO_SendCommand
    stm32f1xx_ll_sdmmc.o(.text.SDMMC_CmdWriteMultiBlock) refers to stm32f1xx_ll_sdmmc.o(.text.SDMMC_GetCmdResp1) for SDMMC_GetCmdResp1
    stm32f1xx_ll_sdmmc.o(.ARM.exidx.text.SDMMC_CmdWriteMultiBlock) refers to stm32f1xx_ll_sdmmc.o(.text.SDMMC_CmdWriteMultiBlock) for [Anonymous Symbol]
    stm32f1xx_ll_sdmmc.o(.text.SDMMC_CmdSDEraseStartAdd) refers to stm32f1xx_ll_sdmmc.o(.text.SDIO_SendCommand) for SDIO_SendCommand
    stm32f1xx_ll_sdmmc.o(.text.SDMMC_CmdSDEraseStartAdd) refers to stm32f1xx_ll_sdmmc.o(.text.SDMMC_GetCmdResp1) for SDMMC_GetCmdResp1
    stm32f1xx_ll_sdmmc.o(.ARM.exidx.text.SDMMC_CmdSDEraseStartAdd) refers to stm32f1xx_ll_sdmmc.o(.text.SDMMC_CmdSDEraseStartAdd) for [Anonymous Symbol]
    stm32f1xx_ll_sdmmc.o(.text.SDMMC_CmdSDEraseEndAdd) refers to stm32f1xx_ll_sdmmc.o(.text.SDIO_SendCommand) for SDIO_SendCommand
    stm32f1xx_ll_sdmmc.o(.text.SDMMC_CmdSDEraseEndAdd) refers to stm32f1xx_ll_sdmmc.o(.text.SDMMC_GetCmdResp1) for SDMMC_GetCmdResp1
    stm32f1xx_ll_sdmmc.o(.ARM.exidx.text.SDMMC_CmdSDEraseEndAdd) refers to stm32f1xx_ll_sdmmc.o(.text.SDMMC_CmdSDEraseEndAdd) for [Anonymous Symbol]
    stm32f1xx_ll_sdmmc.o(.text.SDMMC_CmdEraseStartAdd) refers to stm32f1xx_ll_sdmmc.o(.text.SDIO_SendCommand) for SDIO_SendCommand
    stm32f1xx_ll_sdmmc.o(.text.SDMMC_CmdEraseStartAdd) refers to stm32f1xx_ll_sdmmc.o(.text.SDMMC_GetCmdResp1) for SDMMC_GetCmdResp1
    stm32f1xx_ll_sdmmc.o(.ARM.exidx.text.SDMMC_CmdEraseStartAdd) refers to stm32f1xx_ll_sdmmc.o(.text.SDMMC_CmdEraseStartAdd) for [Anonymous Symbol]
    stm32f1xx_ll_sdmmc.o(.text.SDMMC_CmdEraseEndAdd) refers to stm32f1xx_ll_sdmmc.o(.text.SDIO_SendCommand) for SDIO_SendCommand
    stm32f1xx_ll_sdmmc.o(.text.SDMMC_CmdEraseEndAdd) refers to stm32f1xx_ll_sdmmc.o(.text.SDMMC_GetCmdResp1) for SDMMC_GetCmdResp1
    stm32f1xx_ll_sdmmc.o(.ARM.exidx.text.SDMMC_CmdEraseEndAdd) refers to stm32f1xx_ll_sdmmc.o(.text.SDMMC_CmdEraseEndAdd) for [Anonymous Symbol]
    stm32f1xx_ll_sdmmc.o(.text.SDMMC_CmdErase) refers to stm32f1xx_ll_sdmmc.o(.text.SDIO_SendCommand) for SDIO_SendCommand
    stm32f1xx_ll_sdmmc.o(.text.SDMMC_CmdErase) refers to stm32f1xx_ll_sdmmc.o(.text.SDMMC_GetCmdResp1) for SDMMC_GetCmdResp1
    stm32f1xx_ll_sdmmc.o(.ARM.exidx.text.SDMMC_CmdErase) refers to stm32f1xx_ll_sdmmc.o(.text.SDMMC_CmdErase) for [Anonymous Symbol]
    stm32f1xx_ll_sdmmc.o(.text.SDMMC_CmdStopTransfer) refers to stm32f1xx_ll_sdmmc.o(.text.SDIO_SendCommand) for SDIO_SendCommand
    stm32f1xx_ll_sdmmc.o(.text.SDMMC_CmdStopTransfer) refers to stm32f1xx_ll_sdmmc.o(.text.SDMMC_GetCmdResp1) for SDMMC_GetCmdResp1
    stm32f1xx_ll_sdmmc.o(.ARM.exidx.text.SDMMC_CmdStopTransfer) refers to stm32f1xx_ll_sdmmc.o(.text.SDMMC_CmdStopTransfer) for [Anonymous Symbol]
    stm32f1xx_ll_sdmmc.o(.text.SDMMC_CmdSelDesel) refers to stm32f1xx_ll_sdmmc.o(.text.SDIO_SendCommand) for SDIO_SendCommand
    stm32f1xx_ll_sdmmc.o(.text.SDMMC_CmdSelDesel) refers to stm32f1xx_ll_sdmmc.o(.text.SDMMC_GetCmdResp1) for SDMMC_GetCmdResp1
    stm32f1xx_ll_sdmmc.o(.ARM.exidx.text.SDMMC_CmdSelDesel) refers to stm32f1xx_ll_sdmmc.o(.text.SDMMC_CmdSelDesel) for [Anonymous Symbol]
    stm32f1xx_ll_sdmmc.o(.text.SDMMC_CmdGoIdleState) refers to stm32f1xx_ll_sdmmc.o(.text.SDIO_SendCommand) for SDIO_SendCommand
    stm32f1xx_ll_sdmmc.o(.text.SDMMC_CmdGoIdleState) refers to stm32f1xx_ll_sdmmc.o(.text.SDMMC_GetCmdError) for SDMMC_GetCmdError
    stm32f1xx_ll_sdmmc.o(.ARM.exidx.text.SDMMC_CmdGoIdleState) refers to stm32f1xx_ll_sdmmc.o(.text.SDMMC_CmdGoIdleState) for [Anonymous Symbol]
    stm32f1xx_ll_sdmmc.o(.text.SDMMC_GetCmdError) refers to system_stm32f1xx.o(.data.SystemCoreClock) for SystemCoreClock
    stm32f1xx_ll_sdmmc.o(.ARM.exidx.text.SDMMC_GetCmdError) refers to stm32f1xx_ll_sdmmc.o(.text.SDMMC_GetCmdError) for [Anonymous Symbol]
    stm32f1xx_ll_sdmmc.o(.text.SDMMC_CmdOperCond) refers to stm32f1xx_ll_sdmmc.o(.text.SDIO_SendCommand) for SDIO_SendCommand
    stm32f1xx_ll_sdmmc.o(.text.SDMMC_CmdOperCond) refers to stm32f1xx_ll_sdmmc.o(.text.SDMMC_GetCmdResp7) for SDMMC_GetCmdResp7
    stm32f1xx_ll_sdmmc.o(.ARM.exidx.text.SDMMC_CmdOperCond) refers to stm32f1xx_ll_sdmmc.o(.text.SDMMC_CmdOperCond) for [Anonymous Symbol]
    stm32f1xx_ll_sdmmc.o(.text.SDMMC_GetCmdResp7) refers to system_stm32f1xx.o(.data.SystemCoreClock) for SystemCoreClock
    stm32f1xx_ll_sdmmc.o(.ARM.exidx.text.SDMMC_GetCmdResp7) refers to stm32f1xx_ll_sdmmc.o(.text.SDMMC_GetCmdResp7) for [Anonymous Symbol]
    stm32f1xx_ll_sdmmc.o(.text.SDMMC_CmdAppCommand) refers to stm32f1xx_ll_sdmmc.o(.text.SDIO_SendCommand) for SDIO_SendCommand
    stm32f1xx_ll_sdmmc.o(.text.SDMMC_CmdAppCommand) refers to stm32f1xx_ll_sdmmc.o(.text.SDMMC_GetCmdResp1) for SDMMC_GetCmdResp1
    stm32f1xx_ll_sdmmc.o(.ARM.exidx.text.SDMMC_CmdAppCommand) refers to stm32f1xx_ll_sdmmc.o(.text.SDMMC_CmdAppCommand) for [Anonymous Symbol]
    stm32f1xx_ll_sdmmc.o(.text.SDMMC_CmdAppOperCommand) refers to stm32f1xx_ll_sdmmc.o(.text.SDIO_SendCommand) for SDIO_SendCommand
    stm32f1xx_ll_sdmmc.o(.text.SDMMC_CmdAppOperCommand) refers to stm32f1xx_ll_sdmmc.o(.text.SDMMC_GetCmdResp3) for SDMMC_GetCmdResp3
    stm32f1xx_ll_sdmmc.o(.ARM.exidx.text.SDMMC_CmdAppOperCommand) refers to stm32f1xx_ll_sdmmc.o(.text.SDMMC_CmdAppOperCommand) for [Anonymous Symbol]
    stm32f1xx_ll_sdmmc.o(.text.SDMMC_GetCmdResp3) refers to system_stm32f1xx.o(.data.SystemCoreClock) for SystemCoreClock
    stm32f1xx_ll_sdmmc.o(.ARM.exidx.text.SDMMC_GetCmdResp3) refers to stm32f1xx_ll_sdmmc.o(.text.SDMMC_GetCmdResp3) for [Anonymous Symbol]
    stm32f1xx_ll_sdmmc.o(.text.SDMMC_CmdBusWidth) refers to stm32f1xx_ll_sdmmc.o(.text.SDIO_SendCommand) for SDIO_SendCommand
    stm32f1xx_ll_sdmmc.o(.text.SDMMC_CmdBusWidth) refers to stm32f1xx_ll_sdmmc.o(.text.SDMMC_GetCmdResp1) for SDMMC_GetCmdResp1
    stm32f1xx_ll_sdmmc.o(.ARM.exidx.text.SDMMC_CmdBusWidth) refers to stm32f1xx_ll_sdmmc.o(.text.SDMMC_CmdBusWidth) for [Anonymous Symbol]
    stm32f1xx_ll_sdmmc.o(.text.SDMMC_CmdSendSCR) refers to stm32f1xx_ll_sdmmc.o(.text.SDIO_SendCommand) for SDIO_SendCommand
    stm32f1xx_ll_sdmmc.o(.text.SDMMC_CmdSendSCR) refers to stm32f1xx_ll_sdmmc.o(.text.SDMMC_GetCmdResp1) for SDMMC_GetCmdResp1
    stm32f1xx_ll_sdmmc.o(.ARM.exidx.text.SDMMC_CmdSendSCR) refers to stm32f1xx_ll_sdmmc.o(.text.SDMMC_CmdSendSCR) for [Anonymous Symbol]
    stm32f1xx_ll_sdmmc.o(.text.SDMMC_CmdSendCID) refers to stm32f1xx_ll_sdmmc.o(.text.SDIO_SendCommand) for SDIO_SendCommand
    stm32f1xx_ll_sdmmc.o(.text.SDMMC_CmdSendCID) refers to stm32f1xx_ll_sdmmc.o(.text.SDMMC_GetCmdResp2) for SDMMC_GetCmdResp2
    stm32f1xx_ll_sdmmc.o(.ARM.exidx.text.SDMMC_CmdSendCID) refers to stm32f1xx_ll_sdmmc.o(.text.SDMMC_CmdSendCID) for [Anonymous Symbol]
    stm32f1xx_ll_sdmmc.o(.text.SDMMC_GetCmdResp2) refers to system_stm32f1xx.o(.data.SystemCoreClock) for SystemCoreClock
    stm32f1xx_ll_sdmmc.o(.ARM.exidx.text.SDMMC_GetCmdResp2) refers to stm32f1xx_ll_sdmmc.o(.text.SDMMC_GetCmdResp2) for [Anonymous Symbol]
    stm32f1xx_ll_sdmmc.o(.text.SDMMC_CmdSendCSD) refers to stm32f1xx_ll_sdmmc.o(.text.SDIO_SendCommand) for SDIO_SendCommand
    stm32f1xx_ll_sdmmc.o(.text.SDMMC_CmdSendCSD) refers to stm32f1xx_ll_sdmmc.o(.text.SDMMC_GetCmdResp2) for SDMMC_GetCmdResp2
    stm32f1xx_ll_sdmmc.o(.ARM.exidx.text.SDMMC_CmdSendCSD) refers to stm32f1xx_ll_sdmmc.o(.text.SDMMC_CmdSendCSD) for [Anonymous Symbol]
    stm32f1xx_ll_sdmmc.o(.text.SDMMC_CmdSetRelAdd) refers to stm32f1xx_ll_sdmmc.o(.text.SDIO_SendCommand) for SDIO_SendCommand
    stm32f1xx_ll_sdmmc.o(.text.SDMMC_CmdSetRelAdd) refers to stm32f1xx_ll_sdmmc.o(.text.SDMMC_GetCmdResp6) for SDMMC_GetCmdResp6
    stm32f1xx_ll_sdmmc.o(.ARM.exidx.text.SDMMC_CmdSetRelAdd) refers to stm32f1xx_ll_sdmmc.o(.text.SDMMC_CmdSetRelAdd) for [Anonymous Symbol]
    stm32f1xx_ll_sdmmc.o(.text.SDMMC_GetCmdResp6) refers to system_stm32f1xx.o(.data.SystemCoreClock) for SystemCoreClock
    stm32f1xx_ll_sdmmc.o(.text.SDMMC_GetCmdResp6) refers to stm32f1xx_ll_sdmmc.o(.text.SDIO_GetCommandResponse) for SDIO_GetCommandResponse
    stm32f1xx_ll_sdmmc.o(.text.SDMMC_GetCmdResp6) refers to stm32f1xx_ll_sdmmc.o(.text.SDIO_GetResponse) for SDIO_GetResponse
    stm32f1xx_ll_sdmmc.o(.ARM.exidx.text.SDMMC_GetCmdResp6) refers to stm32f1xx_ll_sdmmc.o(.text.SDMMC_GetCmdResp6) for [Anonymous Symbol]
    stm32f1xx_ll_sdmmc.o(.text.SDMMC_CmdSendStatus) refers to stm32f1xx_ll_sdmmc.o(.text.SDIO_SendCommand) for SDIO_SendCommand
    stm32f1xx_ll_sdmmc.o(.text.SDMMC_CmdSendStatus) refers to stm32f1xx_ll_sdmmc.o(.text.SDMMC_GetCmdResp1) for SDMMC_GetCmdResp1
    stm32f1xx_ll_sdmmc.o(.ARM.exidx.text.SDMMC_CmdSendStatus) refers to stm32f1xx_ll_sdmmc.o(.text.SDMMC_CmdSendStatus) for [Anonymous Symbol]
    stm32f1xx_ll_sdmmc.o(.text.SDMMC_CmdStatusRegister) refers to stm32f1xx_ll_sdmmc.o(.text.SDIO_SendCommand) for SDIO_SendCommand
    stm32f1xx_ll_sdmmc.o(.text.SDMMC_CmdStatusRegister) refers to stm32f1xx_ll_sdmmc.o(.text.SDMMC_GetCmdResp1) for SDMMC_GetCmdResp1
    stm32f1xx_ll_sdmmc.o(.ARM.exidx.text.SDMMC_CmdStatusRegister) refers to stm32f1xx_ll_sdmmc.o(.text.SDMMC_CmdStatusRegister) for [Anonymous Symbol]
    stm32f1xx_ll_sdmmc.o(.text.SDMMC_CmdOpCondition) refers to stm32f1xx_ll_sdmmc.o(.text.SDIO_SendCommand) for SDIO_SendCommand
    stm32f1xx_ll_sdmmc.o(.text.SDMMC_CmdOpCondition) refers to stm32f1xx_ll_sdmmc.o(.text.SDMMC_GetCmdResp3) for SDMMC_GetCmdResp3
    stm32f1xx_ll_sdmmc.o(.ARM.exidx.text.SDMMC_CmdOpCondition) refers to stm32f1xx_ll_sdmmc.o(.text.SDMMC_CmdOpCondition) for [Anonymous Symbol]
    stm32f1xx_ll_sdmmc.o(.text.SDMMC_CmdSwitch) refers to stm32f1xx_ll_sdmmc.o(.text.SDIO_SendCommand) for SDIO_SendCommand
    stm32f1xx_ll_sdmmc.o(.text.SDMMC_CmdSwitch) refers to stm32f1xx_ll_sdmmc.o(.text.SDMMC_GetCmdResp1) for SDMMC_GetCmdResp1
    stm32f1xx_ll_sdmmc.o(.ARM.exidx.text.SDMMC_CmdSwitch) refers to stm32f1xx_ll_sdmmc.o(.text.SDMMC_CmdSwitch) for [Anonymous Symbol]
    stm32f1xx_ll_usb.o(.ARM.exidx.text.USB_CoreInit) refers to stm32f1xx_ll_usb.o(.text.USB_CoreInit) for [Anonymous Symbol]
    stm32f1xx_ll_usb.o(.ARM.exidx.text.USB_EnableGlobalInt) refers to stm32f1xx_ll_usb.o(.text.USB_EnableGlobalInt) for [Anonymous Symbol]
    stm32f1xx_ll_usb.o(.ARM.exidx.text.USB_DisableGlobalInt) refers to stm32f1xx_ll_usb.o(.text.USB_DisableGlobalInt) for [Anonymous Symbol]
    stm32f1xx_ll_usb.o(.ARM.exidx.text.USB_SetCurrentMode) refers to stm32f1xx_ll_usb.o(.text.USB_SetCurrentMode) for [Anonymous Symbol]
    stm32f1xx_ll_usb.o(.text.USB_DevInit) refers to stm32f1xx_ll_usb.o(.text.USB_EnableGlobalInt) for USB_EnableGlobalInt
    stm32f1xx_ll_usb.o(.ARM.exidx.text.USB_DevInit) refers to stm32f1xx_ll_usb.o(.text.USB_DevInit) for [Anonymous Symbol]
    stm32f1xx_ll_usb.o(.ARM.exidx.text.USB_FlushTxFifo) refers to stm32f1xx_ll_usb.o(.text.USB_FlushTxFifo) for [Anonymous Symbol]
    stm32f1xx_ll_usb.o(.ARM.exidx.text.USB_FlushRxFifo) refers to stm32f1xx_ll_usb.o(.text.USB_FlushRxFifo) for [Anonymous Symbol]
    stm32f1xx_ll_usb.o(.ARM.exidx.text.USB_ActivateEndpoint) refers to stm32f1xx_ll_usb.o(.text.USB_ActivateEndpoint) for [Anonymous Symbol]
    stm32f1xx_ll_usb.o(.ARM.exidx.text.USB_DeactivateEndpoint) refers to stm32f1xx_ll_usb.o(.text.USB_DeactivateEndpoint) for [Anonymous Symbol]
    stm32f1xx_ll_usb.o(.text.USB_EPStartXfer) refers to stm32f1xx_ll_usb.o(.text.USB_WritePMA) for USB_WritePMA
    stm32f1xx_ll_usb.o(.ARM.exidx.text.USB_EPStartXfer) refers to stm32f1xx_ll_usb.o(.text.USB_EPStartXfer) for [Anonymous Symbol]
    stm32f1xx_ll_usb.o(.ARM.exidx.text.USB_WritePMA) refers to stm32f1xx_ll_usb.o(.text.USB_WritePMA) for [Anonymous Symbol]
    stm32f1xx_ll_usb.o(.ARM.exidx.text.USB_WritePacket) refers to stm32f1xx_ll_usb.o(.text.USB_WritePacket) for [Anonymous Symbol]
    stm32f1xx_ll_usb.o(.ARM.exidx.text.USB_ReadPacket) refers to stm32f1xx_ll_usb.o(.text.USB_ReadPacket) for [Anonymous Symbol]
    stm32f1xx_ll_usb.o(.ARM.exidx.text.USB_EPSetStall) refers to stm32f1xx_ll_usb.o(.text.USB_EPSetStall) for [Anonymous Symbol]
    stm32f1xx_ll_usb.o(.ARM.exidx.text.USB_EPClearStall) refers to stm32f1xx_ll_usb.o(.text.USB_EPClearStall) for [Anonymous Symbol]
    stm32f1xx_ll_usb.o(.ARM.exidx.text.USB_StopDevice) refers to stm32f1xx_ll_usb.o(.text.USB_StopDevice) for [Anonymous Symbol]
    stm32f1xx_ll_usb.o(.ARM.exidx.text.USB_SetDevAddress) refers to stm32f1xx_ll_usb.o(.text.USB_SetDevAddress) for [Anonymous Symbol]
    stm32f1xx_ll_usb.o(.ARM.exidx.text.USB_DevConnect) refers to stm32f1xx_ll_usb.o(.text.USB_DevConnect) for [Anonymous Symbol]
    stm32f1xx_ll_usb.o(.ARM.exidx.text.USB_DevDisconnect) refers to stm32f1xx_ll_usb.o(.text.USB_DevDisconnect) for [Anonymous Symbol]
    stm32f1xx_ll_usb.o(.ARM.exidx.text.USB_ReadInterrupts) refers to stm32f1xx_ll_usb.o(.text.USB_ReadInterrupts) for [Anonymous Symbol]
    stm32f1xx_ll_usb.o(.ARM.exidx.text.USB_ReadDevAllOutEpInterrupt) refers to stm32f1xx_ll_usb.o(.text.USB_ReadDevAllOutEpInterrupt) for [Anonymous Symbol]
    stm32f1xx_ll_usb.o(.ARM.exidx.text.USB_ReadDevAllInEpInterrupt) refers to stm32f1xx_ll_usb.o(.text.USB_ReadDevAllInEpInterrupt) for [Anonymous Symbol]
    stm32f1xx_ll_usb.o(.ARM.exidx.text.USB_ReadDevOutEPInterrupt) refers to stm32f1xx_ll_usb.o(.text.USB_ReadDevOutEPInterrupt) for [Anonymous Symbol]
    stm32f1xx_ll_usb.o(.ARM.exidx.text.USB_ReadDevInEPInterrupt) refers to stm32f1xx_ll_usb.o(.text.USB_ReadDevInEPInterrupt) for [Anonymous Symbol]
    stm32f1xx_ll_usb.o(.ARM.exidx.text.USB_ClearInterrupts) refers to stm32f1xx_ll_usb.o(.text.USB_ClearInterrupts) for [Anonymous Symbol]
    stm32f1xx_ll_usb.o(.ARM.exidx.text.USB_EP0_OutStart) refers to stm32f1xx_ll_usb.o(.text.USB_EP0_OutStart) for [Anonymous Symbol]
    stm32f1xx_ll_usb.o(.ARM.exidx.text.USB_ActivateRemoteWakeup) refers to stm32f1xx_ll_usb.o(.text.USB_ActivateRemoteWakeup) for [Anonymous Symbol]
    stm32f1xx_ll_usb.o(.ARM.exidx.text.USB_DeActivateRemoteWakeup) refers to stm32f1xx_ll_usb.o(.text.USB_DeActivateRemoteWakeup) for [Anonymous Symbol]
    stm32f1xx_ll_usb.o(.ARM.exidx.text.USB_ReadPMA) refers to stm32f1xx_ll_usb.o(.text.USB_ReadPMA) for [Anonymous Symbol]
    stm32f1xx_ll_utils.o(.text.LL_Init1msTick) refers to stm32f1xx_ll_utils.o(.text.LL_InitTick) for LL_InitTick
    stm32f1xx_ll_utils.o(.ARM.exidx.text.LL_Init1msTick) refers to stm32f1xx_ll_utils.o(.text.LL_Init1msTick) for [Anonymous Symbol]
    stm32f1xx_ll_utils.o(.ARM.exidx.text.LL_InitTick) refers to stm32f1xx_ll_utils.o(.text.LL_InitTick) for [Anonymous Symbol]
    stm32f1xx_ll_utils.o(.ARM.exidx.text.LL_mDelay) refers to stm32f1xx_ll_utils.o(.text.LL_mDelay) for [Anonymous Symbol]
    stm32f1xx_ll_utils.o(.text.LL_SetSystemCoreClock) refers to system_stm32f1xx.o(.data.SystemCoreClock) for SystemCoreClock
    stm32f1xx_ll_utils.o(.ARM.exidx.text.LL_SetSystemCoreClock) refers to stm32f1xx_ll_utils.o(.text.LL_SetSystemCoreClock) for [Anonymous Symbol]
    stm32f1xx_ll_utils.o(.text.LL_PLL_ConfigSystemClock_HSI) refers to stm32f1xx_ll_utils.o(.text.UTILS_PLL_IsBusy) for UTILS_PLL_IsBusy
    stm32f1xx_ll_utils.o(.text.LL_PLL_ConfigSystemClock_HSI) refers to stm32f1xx_ll_utils.o(.text.UTILS_GetPLLOutputFrequency) for UTILS_GetPLLOutputFrequency
    stm32f1xx_ll_utils.o(.text.LL_PLL_ConfigSystemClock_HSI) refers to stm32f1xx_ll_utils.o(.text.LL_RCC_HSI_IsReady) for LL_RCC_HSI_IsReady
    stm32f1xx_ll_utils.o(.text.LL_PLL_ConfigSystemClock_HSI) refers to stm32f1xx_ll_utils.o(.text.LL_RCC_HSI_Enable) for LL_RCC_HSI_Enable
    stm32f1xx_ll_utils.o(.text.LL_PLL_ConfigSystemClock_HSI) refers to stm32f1xx_ll_utils.o(.text.LL_RCC_PLL_ConfigDomain_SYS) for LL_RCC_PLL_ConfigDomain_SYS
    stm32f1xx_ll_utils.o(.text.LL_PLL_ConfigSystemClock_HSI) refers to stm32f1xx_ll_utils.o(.text.UTILS_EnablePLLAndSwitchSystem) for UTILS_EnablePLLAndSwitchSystem
    stm32f1xx_ll_utils.o(.ARM.exidx.text.LL_PLL_ConfigSystemClock_HSI) refers to stm32f1xx_ll_utils.o(.text.LL_PLL_ConfigSystemClock_HSI) for [Anonymous Symbol]
    stm32f1xx_ll_utils.o(.text.UTILS_PLL_IsBusy) refers to stm32f1xx_ll_utils.o(.text.LL_RCC_PLL_IsReady) for LL_RCC_PLL_IsReady
    stm32f1xx_ll_utils.o(.ARM.exidx.text.UTILS_PLL_IsBusy) refers to stm32f1xx_ll_utils.o(.text.UTILS_PLL_IsBusy) for [Anonymous Symbol]
    stm32f1xx_ll_utils.o(.ARM.exidx.text.UTILS_GetPLLOutputFrequency) refers to stm32f1xx_ll_utils.o(.text.UTILS_GetPLLOutputFrequency) for [Anonymous Symbol]
    stm32f1xx_ll_utils.o(.ARM.exidx.text.LL_RCC_HSI_IsReady) refers to stm32f1xx_ll_utils.o(.text.LL_RCC_HSI_IsReady) for [Anonymous Symbol]
    stm32f1xx_ll_utils.o(.ARM.exidx.text.LL_RCC_HSI_Enable) refers to stm32f1xx_ll_utils.o(.text.LL_RCC_HSI_Enable) for [Anonymous Symbol]
    stm32f1xx_ll_utils.o(.ARM.exidx.text.LL_RCC_PLL_ConfigDomain_SYS) refers to stm32f1xx_ll_utils.o(.text.LL_RCC_PLL_ConfigDomain_SYS) for [Anonymous Symbol]
    stm32f1xx_ll_utils.o(.text.UTILS_EnablePLLAndSwitchSystem) refers to system_stm32f1xx.o(.data.SystemCoreClock) for SystemCoreClock
    stm32f1xx_ll_utils.o(.text.UTILS_EnablePLLAndSwitchSystem) refers to stm32f1xx_ll_utils.o(.text.LL_RCC_GetAHBPrescaler) for LL_RCC_GetAHBPrescaler
    stm32f1xx_ll_utils.o(.text.UTILS_EnablePLLAndSwitchSystem) refers to system_stm32f1xx.o(.rodata.AHBPrescTable) for AHBPrescTable
    stm32f1xx_ll_utils.o(.text.UTILS_EnablePLLAndSwitchSystem) refers to stm32f1xx_ll_utils.o(.text.UTILS_SetFlashLatency) for UTILS_SetFlashLatency
    stm32f1xx_ll_utils.o(.text.UTILS_EnablePLLAndSwitchSystem) refers to stm32f1xx_ll_utils.o(.text.LL_RCC_PLL_Enable) for LL_RCC_PLL_Enable
    stm32f1xx_ll_utils.o(.text.UTILS_EnablePLLAndSwitchSystem) refers to stm32f1xx_ll_utils.o(.text.LL_RCC_PLL_IsReady) for LL_RCC_PLL_IsReady
    stm32f1xx_ll_utils.o(.text.UTILS_EnablePLLAndSwitchSystem) refers to stm32f1xx_ll_utils.o(.text.LL_RCC_SetAHBPrescaler) for LL_RCC_SetAHBPrescaler
    stm32f1xx_ll_utils.o(.text.UTILS_EnablePLLAndSwitchSystem) refers to stm32f1xx_ll_utils.o(.text.LL_RCC_SetSysClkSource) for LL_RCC_SetSysClkSource
    stm32f1xx_ll_utils.o(.text.UTILS_EnablePLLAndSwitchSystem) refers to stm32f1xx_ll_utils.o(.text.LL_RCC_GetSysClkSource) for LL_RCC_GetSysClkSource
    stm32f1xx_ll_utils.o(.text.UTILS_EnablePLLAndSwitchSystem) refers to stm32f1xx_ll_utils.o(.text.LL_RCC_SetAPB1Prescaler) for LL_RCC_SetAPB1Prescaler
    stm32f1xx_ll_utils.o(.text.UTILS_EnablePLLAndSwitchSystem) refers to stm32f1xx_ll_utils.o(.text.LL_RCC_SetAPB2Prescaler) for LL_RCC_SetAPB2Prescaler
    stm32f1xx_ll_utils.o(.text.UTILS_EnablePLLAndSwitchSystem) refers to stm32f1xx_ll_utils.o(.text.LL_SetSystemCoreClock) for LL_SetSystemCoreClock
    stm32f1xx_ll_utils.o(.ARM.exidx.text.UTILS_EnablePLLAndSwitchSystem) refers to stm32f1xx_ll_utils.o(.text.UTILS_EnablePLLAndSwitchSystem) for [Anonymous Symbol]
    stm32f1xx_ll_utils.o(.text.LL_PLL_ConfigSystemClock_HSE) refers to stm32f1xx_ll_utils.o(.text.UTILS_PLL_IsBusy) for UTILS_PLL_IsBusy
    stm32f1xx_ll_utils.o(.text.LL_PLL_ConfigSystemClock_HSE) refers to stm32f1xx_ll_utils.o(.text.UTILS_GetPLLOutputFrequency) for UTILS_GetPLLOutputFrequency
    stm32f1xx_ll_utils.o(.text.LL_PLL_ConfigSystemClock_HSE) refers to stm32f1xx_ll_utils.o(.text.LL_RCC_HSE_IsReady) for LL_RCC_HSE_IsReady
    stm32f1xx_ll_utils.o(.text.LL_PLL_ConfigSystemClock_HSE) refers to stm32f1xx_ll_utils.o(.text.LL_RCC_HSE_EnableBypass) for LL_RCC_HSE_EnableBypass
    stm32f1xx_ll_utils.o(.text.LL_PLL_ConfigSystemClock_HSE) refers to stm32f1xx_ll_utils.o(.text.LL_RCC_HSE_DisableBypass) for LL_RCC_HSE_DisableBypass
    stm32f1xx_ll_utils.o(.text.LL_PLL_ConfigSystemClock_HSE) refers to stm32f1xx_ll_utils.o(.text.LL_RCC_HSE_Enable) for LL_RCC_HSE_Enable
    stm32f1xx_ll_utils.o(.text.LL_PLL_ConfigSystemClock_HSE) refers to stm32f1xx_ll_utils.o(.text.LL_RCC_PLL_ConfigDomain_SYS) for LL_RCC_PLL_ConfigDomain_SYS
    stm32f1xx_ll_utils.o(.text.LL_PLL_ConfigSystemClock_HSE) refers to stm32f1xx_ll_utils.o(.text.UTILS_EnablePLLAndSwitchSystem) for UTILS_EnablePLLAndSwitchSystem
    stm32f1xx_ll_utils.o(.ARM.exidx.text.LL_PLL_ConfigSystemClock_HSE) refers to stm32f1xx_ll_utils.o(.text.LL_PLL_ConfigSystemClock_HSE) for [Anonymous Symbol]
    stm32f1xx_ll_utils.o(.ARM.exidx.text.LL_RCC_HSE_IsReady) refers to stm32f1xx_ll_utils.o(.text.LL_RCC_HSE_IsReady) for [Anonymous Symbol]
    stm32f1xx_ll_utils.o(.ARM.exidx.text.LL_RCC_HSE_EnableBypass) refers to stm32f1xx_ll_utils.o(.text.LL_RCC_HSE_EnableBypass) for [Anonymous Symbol]
    stm32f1xx_ll_utils.o(.ARM.exidx.text.LL_RCC_HSE_DisableBypass) refers to stm32f1xx_ll_utils.o(.text.LL_RCC_HSE_DisableBypass) for [Anonymous Symbol]
    stm32f1xx_ll_utils.o(.ARM.exidx.text.LL_RCC_HSE_Enable) refers to stm32f1xx_ll_utils.o(.text.LL_RCC_HSE_Enable) for [Anonymous Symbol]
    stm32f1xx_ll_utils.o(.ARM.exidx.text.LL_RCC_PLL_IsReady) refers to stm32f1xx_ll_utils.o(.text.LL_RCC_PLL_IsReady) for [Anonymous Symbol]
    stm32f1xx_ll_utils.o(.ARM.exidx.text.LL_RCC_GetAHBPrescaler) refers to stm32f1xx_ll_utils.o(.text.LL_RCC_GetAHBPrescaler) for [Anonymous Symbol]
    stm32f1xx_ll_utils.o(.text.UTILS_SetFlashLatency) refers to stm32f1xx_ll_utils.o(.text.LL_FLASH_SetLatency) for LL_FLASH_SetLatency
    stm32f1xx_ll_utils.o(.text.UTILS_SetFlashLatency) refers to stm32f1xx_ll_utils.o(.text.LL_FLASH_GetLatency) for LL_FLASH_GetLatency
    stm32f1xx_ll_utils.o(.ARM.exidx.text.UTILS_SetFlashLatency) refers to stm32f1xx_ll_utils.o(.text.UTILS_SetFlashLatency) for [Anonymous Symbol]
    stm32f1xx_ll_utils.o(.ARM.exidx.text.LL_RCC_PLL_Enable) refers to stm32f1xx_ll_utils.o(.text.LL_RCC_PLL_Enable) for [Anonymous Symbol]
    stm32f1xx_ll_utils.o(.ARM.exidx.text.LL_RCC_SetAHBPrescaler) refers to stm32f1xx_ll_utils.o(.text.LL_RCC_SetAHBPrescaler) for [Anonymous Symbol]
    stm32f1xx_ll_utils.o(.ARM.exidx.text.LL_RCC_SetSysClkSource) refers to stm32f1xx_ll_utils.o(.text.LL_RCC_SetSysClkSource) for [Anonymous Symbol]
    stm32f1xx_ll_utils.o(.ARM.exidx.text.LL_RCC_GetSysClkSource) refers to stm32f1xx_ll_utils.o(.text.LL_RCC_GetSysClkSource) for [Anonymous Symbol]
    stm32f1xx_ll_utils.o(.ARM.exidx.text.LL_RCC_SetAPB1Prescaler) refers to stm32f1xx_ll_utils.o(.text.LL_RCC_SetAPB1Prescaler) for [Anonymous Symbol]
    stm32f1xx_ll_utils.o(.ARM.exidx.text.LL_RCC_SetAPB2Prescaler) refers to stm32f1xx_ll_utils.o(.text.LL_RCC_SetAPB2Prescaler) for [Anonymous Symbol]
    stm32f1xx_ll_utils.o(.ARM.exidx.text.LL_FLASH_SetLatency) refers to stm32f1xx_ll_utils.o(.text.LL_FLASH_SetLatency) for [Anonymous Symbol]
    stm32f1xx_ll_utils.o(.ARM.exidx.text.LL_FLASH_GetLatency) refers to stm32f1xx_ll_utils.o(.text.LL_FLASH_GetLatency) for [Anonymous Symbol]
    entry.o(.ARM.Collect$$$$00000000) refers (Special) to entry10a.o(.ARM.Collect$$$$0000000D) for __rt_final_cpp
    entry.o(.ARM.Collect$$$$00000000) refers (Special) to entry11a.o(.ARM.Collect$$$$0000000F) for __rt_final_exit
    entry.o(.ARM.Collect$$$$00000000) refers (Special) to entry7b.o(.ARM.Collect$$$$00000008) for _main_clock
    entry.o(.ARM.Collect$$$$00000000) refers (Special) to entry8b.o(.ARM.Collect$$$$0000000A) for _main_cpp_init
    entry.o(.ARM.Collect$$$$00000000) refers (Special) to entry9a.o(.ARM.Collect$$$$0000000B) for _main_init
    entry.o(.ARM.Collect$$$$00000000) refers (Special) to entry5.o(.ARM.Collect$$$$00000004) for _main_scatterload
    entry.o(.ARM.Collect$$$$00000000) refers (Special) to entry2.o(.ARM.Collect$$$$00000001) for _main_stk
    entry2.o(.ARM.Collect$$$$00000001) refers to entry2.o(.ARM.Collect$$$$00002712) for __lit__00000000
    entry2.o(.ARM.Collect$$$$00002712) refers to startup_stm32f103xe.o(STACK) for __initial_sp
    entry2.o(__vectab_stack_and_reset_area) refers to startup_stm32f103xe.o(STACK) for __initial_sp
    entry2.o(__vectab_stack_and_reset_area) refers to entry.o(.ARM.Collect$$$$00000000) for __main
    entry5.o(.ARM.Collect$$$$00000004) refers to init.o(.text) for __scatterload
    entry9a.o(.ARM.Collect$$$$0000000B) refers to main.o(.text.main) for main
    entry9b.o(.ARM.Collect$$$$0000000C) refers to main.o(.text.main) for main
    init.o(.text) refers to entry5.o(.ARM.Collect$$$$00000004) for __main_after_scatterload

